Component: ARM Compiler 5.06 update 6 (build 750) Tool: armlink [4d35ed]

==============================================================================

Section Cross References

    main.o(i.GPIOD_Init) refers to stm32f10x_rcc.o(i.RCC_APB2PeriphClockCmd) for RCC_APB2PeriphClockCmd
    main.o(i.GPIOD_Init) refers to stm32f10x_gpio.o(i.GPIO_PinRemapConfig) for GPIO_PinRemapConfig
    main.o(i.GPIOD_Init) refers to stm32f10x_gpio.o(i.GPIO_Init) for GPIO_Init
    main.o(i.NVICConfig) refers to misc.o(i.NVIC_PriorityGroupConfig) for NVIC_PriorityGroupConfig
    main.o(i.NVICConfig) refers to misc.o(i.NVIC_Init) for NVIC_Init
    main.o(i.RX1_CHULI) refers to main.o(i.find) for find
    main.o(i.RX1_CHULI) refers to main.o(.data) for RX1_OK
    main.o(i.RX1_CHULI) refers to main.o(.bss) for RX1_BUFF
    main.o(i.TIM3_IRQHandler) refers to stm32f10x_tim.o(i.TIM_GetITStatus) for TIM_GetITStatus
    main.o(i.TIM3_IRQHandler) refers to stm32f10x_tim.o(i.TIM_ClearITPendingBit) for TIM_ClearITPendingBit
    main.o(i.TIM3_IRQHandler) refers to main.o(.data) for fskg
    main.o(i.TimerConfig) refers to stm32f10x_tim.o(i.TIM_DeInit) for TIM_DeInit
    main.o(i.TimerConfig) refers to stm32f10x_tim.o(i.TIM_TimeBaseInit) for TIM_TimeBaseInit
    main.o(i.TimerConfig) refers to stm32f10x_tim.o(i.TIM_ClearFlag) for TIM_ClearFlag
    main.o(i.TimerConfig) refers to stm32f10x_tim.o(i.TIM_ITConfig) for TIM_ITConfig
    main.o(i.TimerSW) refers to stm32f10x_tim.o(i.TIM_SetCounter) for TIM_SetCounter
    main.o(i.TimerSW) refers to stm32f10x_tim.o(i.TIM_Cmd) for TIM_Cmd
    main.o(i.USART1_IRQHandler) refers to stm32f10x_usart.o(i.USART_GetITStatus) for USART_GetITStatus
    main.o(i.USART1_IRQHandler) refers to stm32f10x_usart.o(i.USART_ClearITPendingBit) for USART_ClearITPendingBit
    main.o(i.USART1_IRQHandler) refers to stm32f10x_usart.o(i.USART_ReceiveData) for USART_ReceiveData
    main.o(i.USART1_IRQHandler) refers to stm32f10x_usart.o(i.USART_GetFlagStatus) for USART_GetFlagStatus
    main.o(i.USART1_IRQHandler) refers to stm32f10x_usart.o(i.USART_ClearFlag) for USART_ClearFlag
    main.o(i.USART1_IRQHandler) refers to main.o(.data) for RX1_Num
    main.o(i.USART1_IRQHandler) refers to main.o(.bss) for RX1_BUFF
    main.o(i.USART1_init) refers to stm32f10x_rcc.o(i.RCC_APB2PeriphClockCmd) for RCC_APB2PeriphClockCmd
    main.o(i.USART1_init) refers to stm32f10x_gpio.o(i.GPIO_Init) for GPIO_Init
    main.o(i.USART1_init) refers to stm32f10x_usart.o(i.USART_Init) for USART_Init
    main.o(i.USART1_init) refers to stm32f10x_usart.o(i.USART_Cmd) for USART_Cmd
    main.o(i.USART1_init) refers to stm32f10x_usart.o(i.USART_ClearITPendingBit) for USART_ClearITPendingBit
    main.o(i.USART1_init) refers to stm32f10x_usart.o(i.USART_ITConfig) for USART_ITConfig
    main.o(i.USART1_init) refers to misc.o(i.NVIC_PriorityGroupConfig) for NVIC_PriorityGroupConfig
    main.o(i.USART1_init) refers to misc.o(i.NVIC_Init) for NVIC_Init
    main.o(i.anjiansaomiao) refers to main.o(.data) for k1f
    main.o(i.chuli1) refers to main.o(.data) for RX1_KG
    main.o(i.main) refers to delay.o(i.delay_init) for delay_init
    main.o(i.main) refers to main.o(i.GPIOD_Init) for GPIOD_Init
    main.o(i.main) refers to oled_iic.o(i.OLED_Init) for OLED_Init
    main.o(i.main) refers to oled_iic.o(i.OLED_Clear) for OLED_Clear
    main.o(i.main) refers to main.o(i.USART1_init) for USART1_init
    main.o(i.main) refers to ultrasonicwave.o(i.UltrasonicWave_Configuration) for UltrasonicWave_Configuration
    main.o(i.main) refers to stm32f10x_rcc.o(i.RCC_APB1PeriphClockCmd) for RCC_APB1PeriphClockCmd
    main.o(i.main) refers to main.o(i.NVICConfig) for NVICConfig
    main.o(i.main) refers to main.o(i.TimerConfig) for TimerConfig
    main.o(i.main) refers to main.o(i.TimerSW) for TimerSW
    main.o(i.main) refers to main.o(i.xianshi) for xianshi
    main.o(i.main) refers to dht11.o(i.DHT11_receive) for DHT11_receive
    main.o(i.main) refers to ultrasonicwave.o(i.UltrasonicWave_StartMeasure) for UltrasonicWave_StartMeasure
    main.o(i.main) refers to dfltui.o(.text) for __aeabi_ui2d
    main.o(i.main) refers to ddiv.o(.text) for __aeabi_ddiv
    main.o(i.main) refers to dfixi.o(.text) for __aeabi_d2iz
    main.o(i.main) refers to main.o(i.anjiansaomiao) for anjiansaomiao
    main.o(i.main) refers to main.o(i.shangchuanshuju) for shangchuanshuju
    main.o(i.main) refers to main.o(i.chuli1) for chuli1
    main.o(i.main) refers to main.o(i.RX1_CHULI) for RX1_CHULI
    main.o(i.main) refers to main.o(.data) for kaiguan
    main.o(i.main) refers to ultrasonicwave.o(.data) for UltrasonicWave_Distance
    main.o(i.shangchuanshuju) refers to main.o(i.SendString) for SendString
    main.o(i.shangchuanshuju) refers to main.o(.data) for wd
    main.o(i.xianshi) refers to oled_iic.o(i.OLED_ShowCHinese) for OLED_ShowCHinese
    main.o(i.xianshi) refers to oled_iic.o(i.OLED_ShowString) for OLED_ShowString
    main.o(i.xianshi) refers to main.o(.data) for msg
    system_stm32f10x.o(i.SetSysClock) refers to system_stm32f10x.o(i.SetSysClockToHSE) for SetSysClockToHSE
    system_stm32f10x.o(i.SystemCoreClockUpdate) refers to system_stm32f10x.o(.data) for SystemCoreClock
    system_stm32f10x.o(i.SystemInit) refers to system_stm32f10x.o(i.SetSysClock) for SetSysClock
    oled_iic.o(i.IIC_Start) refers to stm32f10x_gpio.o(i.GPIO_SetBits) for GPIO_SetBits
    oled_iic.o(i.IIC_Start) refers to stm32f10x_gpio.o(i.GPIO_ResetBits) for GPIO_ResetBits
    oled_iic.o(i.IIC_Stop) refers to stm32f10x_gpio.o(i.GPIO_SetBits) for GPIO_SetBits
    oled_iic.o(i.IIC_Stop) refers to stm32f10x_gpio.o(i.GPIO_ResetBits) for GPIO_ResetBits
    oled_iic.o(i.IIC_Wait_Ack) refers to stm32f10x_gpio.o(i.GPIO_SetBits) for GPIO_SetBits
    oled_iic.o(i.IIC_Wait_Ack) refers to stm32f10x_gpio.o(i.GPIO_ResetBits) for GPIO_ResetBits
    oled_iic.o(i.OLED_Clear) refers to oled_iic.o(i.OLED_WR_Byte) for OLED_WR_Byte
    oled_iic.o(i.OLED_Display_Off) refers to oled_iic.o(i.OLED_WR_Byte) for OLED_WR_Byte
    oled_iic.o(i.OLED_Display_On) refers to oled_iic.o(i.OLED_WR_Byte) for OLED_WR_Byte
    oled_iic.o(i.OLED_DrawBMP) refers to oled_iic.o(i.OLED_Set_Pos) for OLED_Set_Pos
    oled_iic.o(i.OLED_DrawBMP) refers to oled_iic.o(i.OLED_WR_Byte) for OLED_WR_Byte
    oled_iic.o(i.OLED_Init) refers to stm32f10x_rcc.o(i.RCC_APB2PeriphClockCmd) for RCC_APB2PeriphClockCmd
    oled_iic.o(i.OLED_Init) refers to stm32f10x_gpio.o(i.GPIO_Init) for GPIO_Init
    oled_iic.o(i.OLED_Init) refers to stm32f10x_gpio.o(i.GPIO_SetBits) for GPIO_SetBits
    oled_iic.o(i.OLED_Init) refers to delay.o(i.delay_ms) for delay_ms
    oled_iic.o(i.OLED_Init) refers to oled_iic.o(i.OLED_WR_Byte) for OLED_WR_Byte
    oled_iic.o(i.OLED_On) refers to oled_iic.o(i.OLED_WR_Byte) for OLED_WR_Byte
    oled_iic.o(i.OLED_Set_Pos) refers to oled_iic.o(i.OLED_WR_Byte) for OLED_WR_Byte
    oled_iic.o(i.OLED_ShowCHinese) refers to oled_iic.o(i.OLED_Set_Pos) for OLED_Set_Pos
    oled_iic.o(i.OLED_ShowCHinese) refers to oled_iic.o(i.OLED_WR_Byte) for OLED_WR_Byte
    oled_iic.o(i.OLED_ShowCHinese) refers to oled_iic.o(.data) for Hzk
    oled_iic.o(i.OLED_ShowChar) refers to oled_iic.o(i.OLED_Set_Pos) for OLED_Set_Pos
    oled_iic.o(i.OLED_ShowChar) refers to oled_iic.o(i.OLED_WR_Byte) for OLED_WR_Byte
    oled_iic.o(i.OLED_ShowChar) refers to oled_iic.o(.constdata) for F8X16
    oled_iic.o(i.OLED_ShowNum) refers to oled_iic.o(i.oled_pow) for oled_pow
    oled_iic.o(i.OLED_ShowNum) refers to oled_iic.o(i.OLED_ShowChar) for OLED_ShowChar
    oled_iic.o(i.OLED_ShowString) refers to oled_iic.o(i.OLED_ShowChar) for OLED_ShowChar
    oled_iic.o(i.OLED_WR_Byte) refers to oled_iic.o(i.Write_IIC_Data) for Write_IIC_Data
    oled_iic.o(i.OLED_WR_Byte) refers to oled_iic.o(i.Write_IIC_Command) for Write_IIC_Command
    oled_iic.o(i.Write_IIC_Byte) refers to stm32f10x_gpio.o(i.GPIO_ResetBits) for GPIO_ResetBits
    oled_iic.o(i.Write_IIC_Byte) refers to stm32f10x_gpio.o(i.GPIO_SetBits) for GPIO_SetBits
    oled_iic.o(i.Write_IIC_Command) refers to oled_iic.o(i.IIC_Start) for IIC_Start
    oled_iic.o(i.Write_IIC_Command) refers to oled_iic.o(i.Write_IIC_Byte) for Write_IIC_Byte
    oled_iic.o(i.Write_IIC_Command) refers to oled_iic.o(i.IIC_Wait_Ack) for IIC_Wait_Ack
    oled_iic.o(i.Write_IIC_Command) refers to oled_iic.o(i.IIC_Stop) for IIC_Stop
    oled_iic.o(i.Write_IIC_Data) refers to oled_iic.o(i.IIC_Start) for IIC_Start
    oled_iic.o(i.Write_IIC_Data) refers to oled_iic.o(i.Write_IIC_Byte) for Write_IIC_Byte
    oled_iic.o(i.Write_IIC_Data) refers to oled_iic.o(i.IIC_Wait_Ack) for IIC_Wait_Ack
    oled_iic.o(i.Write_IIC_Data) refers to oled_iic.o(i.IIC_Stop) for IIC_Stop
    oled_iic.o(i.fill_picture) refers to oled_iic.o(i.OLED_WR_Byte) for OLED_WR_Byte
    dht11.o(i.DHT11Delay30us) refers to delay.o(i.delay_us) for delay_us
    dht11.o(i.DHT11_Start) refers to stm32f10x_gpio.o(i.GPIO_SetBits) for GPIO_SetBits
    dht11.o(i.DHT11_Start) refers to dht11.o(i.DHT1DelayNms10us) for DHT1DelayNms10us
    dht11.o(i.DHT11_Start) refers to stm32f10x_gpio.o(i.GPIO_ResetBits) for GPIO_ResetBits
    dht11.o(i.DHT11_Start) refers to dht11.o(i.DHT1DelayNms) for DHT1DelayNms
    dht11.o(i.DHT11_Start) refers to stm32f10x_gpio.o(i.GPIO_ReadInputDataBit) for GPIO_ReadInputDataBit
    dht11.o(i.DHT11_Start) refers to dht11.o(.data) for mm
    dht11.o(i.DHT11_receive) refers to dht11.o(i.DHT11_Start) for DHT11_Start
    dht11.o(i.DHT11_receive) refers to stm32f10x_gpio.o(i.GPIO_SetBits) for GPIO_SetBits
    dht11.o(i.DHT11_receive) refers to dht11.o(i.receive_data) for receive_data
    dht11.o(i.DHT1DelayNms) refers to delay.o(i.delay_ms) for delay_ms
    dht11.o(i.DHT1DelayNms10us) refers to delay.o(i.delay_us) for delay_us
    dht11.o(i.receive_data) refers to stm32f10x_gpio.o(i.GPIO_ReadInputDataBit) for GPIO_ReadInputDataBit
    dht11.o(i.receive_data) refers to dht11.o(i.DHT11Delay30us) for DHT11Delay30us
    dht11.o(i.receive_data) refers to dht11.o(.data) for data_byte
    ultrasonicwave.o(i.DelayTime_us) refers to delay.o(i.delay_us) for delay_us
    ultrasonicwave.o(i.UltrasonicWave_CalculateTime) refers to stm32f10x_tim.o(i.TIM_GetCounter) for TIM_GetCounter
    ultrasonicwave.o(i.UltrasonicWave_CalculateTime) refers to dflti.o(.text) for __aeabi_i2d
    ultrasonicwave.o(i.UltrasonicWave_CalculateTime) refers to dmul.o(.text) for __aeabi_dmul
    ultrasonicwave.o(i.UltrasonicWave_CalculateTime) refers to ddiv.o(.text) for __aeabi_ddiv
    ultrasonicwave.o(i.UltrasonicWave_CalculateTime) refers to dfixui.o(.text) for __aeabi_d2uiz
    ultrasonicwave.o(i.UltrasonicWave_CalculateTime) refers to ultrasonicwave.o(.data) for UltrasonicWave_Distance
    ultrasonicwave.o(i.UltrasonicWave_Configuration) refers to stm32f10x_rcc.o(i.RCC_APB2PeriphClockCmd) for RCC_APB2PeriphClockCmd
    ultrasonicwave.o(i.UltrasonicWave_Configuration) refers to stm32f10x_gpio.o(i.GPIO_Init) for GPIO_Init
    ultrasonicwave.o(i.UltrasonicWave_Configuration) refers to ultrasonicwave.o(i.Ultrasonic_TIM2_Configuration) for Ultrasonic_TIM2_Configuration
    ultrasonicwave.o(i.UltrasonicWave_StartMeasure) refers to stm32f10x_gpio.o(i.GPIO_SetBits) for GPIO_SetBits
    ultrasonicwave.o(i.UltrasonicWave_StartMeasure) refers to ultrasonicwave.o(i.DelayTime_us) for DelayTime_us
    ultrasonicwave.o(i.UltrasonicWave_StartMeasure) refers to stm32f10x_gpio.o(i.GPIO_ResetBits) for GPIO_ResetBits
    ultrasonicwave.o(i.UltrasonicWave_StartMeasure) refers to stm32f10x_gpio.o(i.GPIO_ReadInputDataBit) for GPIO_ReadInputDataBit
    ultrasonicwave.o(i.UltrasonicWave_StartMeasure) refers to stm32f10x_tim.o(i.TIM_Cmd) for TIM_Cmd
    ultrasonicwave.o(i.UltrasonicWave_StartMeasure) refers to ultrasonicwave.o(i.UltrasonicWave_CalculateTime) for UltrasonicWave_CalculateTime
    ultrasonicwave.o(i.UltrasonicWave_StartMeasure) refers to stm32f10x_tim.o(i.TIM_SetCounter) for TIM_SetCounter
    ultrasonicwave.o(i.Ultrasonic_TIM2_Configuration) refers to stm32f10x_rcc.o(i.RCC_APB1PeriphClockCmd) for RCC_APB1PeriphClockCmd
    ultrasonicwave.o(i.Ultrasonic_TIM2_Configuration) refers to stm32f10x_tim.o(i.TIM_DeInit) for TIM_DeInit
    ultrasonicwave.o(i.Ultrasonic_TIM2_Configuration) refers to stm32f10x_tim.o(i.TIM_TimeBaseInit) for TIM_TimeBaseInit
    ultrasonicwave.o(i.Ultrasonic_TIM2_Configuration) refers to stm32f10x_tim.o(i.TIM_ClearFlag) for TIM_ClearFlag
    delay.o(i.delay_init) refers to misc.o(i.SysTick_CLKSourceConfig) for SysTick_CLKSourceConfig
    delay.o(i.delay_init) refers to system_stm32f10x.o(.data) for SystemCoreClock
    delay.o(i.delay_init) refers to delay.o(.data) for fac_us
    delay.o(i.delay_ms) refers to delay.o(.data) for fac_ms
    delay.o(i.delay_us) refers to delay.o(.data) for fac_us
    usart.o(i.uart_init) refers to stm32f10x_rcc.o(i.RCC_APB2PeriphClockCmd) for RCC_APB2PeriphClockCmd
    usart.o(i.uart_init) refers to stm32f10x_gpio.o(i.GPIO_Init) for GPIO_Init
    usart.o(i.uart_init) refers to misc.o(i.NVIC_Init) for NVIC_Init
    usart.o(i.uart_init) refers to stm32f10x_usart.o(i.USART_Init) for USART_Init
    usart.o(i.uart_init) refers to stm32f10x_usart.o(i.USART_ITConfig) for USART_ITConfig
    usart.o(i.uart_init) refers to stm32f10x_usart.o(i.USART_Cmd) for USART_Cmd
    startup_stm32f10x_hd.o(RESET) refers to startup_stm32f10x_hd.o(STACK) for __initial_sp
    startup_stm32f10x_hd.o(RESET) refers to startup_stm32f10x_hd.o(.text) for Reset_Handler
    startup_stm32f10x_hd.o(RESET) refers to stm32f10x_it.o(i.NMI_Handler) for NMI_Handler
    startup_stm32f10x_hd.o(RESET) refers to stm32f10x_it.o(i.HardFault_Handler) for HardFault_Handler
    startup_stm32f10x_hd.o(RESET) refers to stm32f10x_it.o(i.MemManage_Handler) for MemManage_Handler
    startup_stm32f10x_hd.o(RESET) refers to stm32f10x_it.o(i.BusFault_Handler) for BusFault_Handler
    startup_stm32f10x_hd.o(RESET) refers to stm32f10x_it.o(i.UsageFault_Handler) for UsageFault_Handler
    startup_stm32f10x_hd.o(RESET) refers to stm32f10x_it.o(i.SVC_Handler) for SVC_Handler
    startup_stm32f10x_hd.o(RESET) refers to stm32f10x_it.o(i.DebugMon_Handler) for DebugMon_Handler
    startup_stm32f10x_hd.o(RESET) refers to stm32f10x_it.o(i.PendSV_Handler) for PendSV_Handler
    startup_stm32f10x_hd.o(RESET) refers to stm32f10x_it.o(i.SysTick_Handler) for SysTick_Handler
    startup_stm32f10x_hd.o(RESET) refers to main.o(i.TIM3_IRQHandler) for TIM3_IRQHandler
    startup_stm32f10x_hd.o(RESET) refers to main.o(i.USART1_IRQHandler) for USART1_IRQHandler
    startup_stm32f10x_hd.o(.text) refers to system_stm32f10x.o(i.SystemInit) for SystemInit
    startup_stm32f10x_hd.o(.text) refers to entry.o(.ARM.Collect$$$$00000000) for __main
    stm32f10x_gpio.o(i.GPIO_AFIODeInit) refers to stm32f10x_rcc.o(i.RCC_APB2PeriphResetCmd) for RCC_APB2PeriphResetCmd
    stm32f10x_gpio.o(i.GPIO_DeInit) refers to stm32f10x_rcc.o(i.RCC_APB2PeriphResetCmd) for RCC_APB2PeriphResetCmd
    stm32f10x_rcc.o(i.RCC_GetClocksFreq) refers to stm32f10x_rcc.o(.data) for APBAHBPrescTable
    stm32f10x_rcc.o(i.RCC_WaitForHSEStartUp) refers to stm32f10x_rcc.o(i.RCC_GetFlagStatus) for RCC_GetFlagStatus
    stm32f10x_usart.o(i.USART_DeInit) refers to stm32f10x_rcc.o(i.RCC_APB2PeriphResetCmd) for RCC_APB2PeriphResetCmd
    stm32f10x_usart.o(i.USART_DeInit) refers to stm32f10x_rcc.o(i.RCC_APB1PeriphResetCmd) for RCC_APB1PeriphResetCmd
    stm32f10x_usart.o(i.USART_Init) refers to stm32f10x_rcc.o(i.RCC_GetClocksFreq) for RCC_GetClocksFreq
    stm32f10x_tim.o(i.TIM_DeInit) refers to stm32f10x_rcc.o(i.RCC_APB2PeriphResetCmd) for RCC_APB2PeriphResetCmd
    stm32f10x_tim.o(i.TIM_DeInit) refers to stm32f10x_rcc.o(i.RCC_APB1PeriphResetCmd) for RCC_APB1PeriphResetCmd
    stm32f10x_tim.o(i.TIM_ETRClockMode1Config) refers to stm32f10x_tim.o(i.TIM_ETRConfig) for TIM_ETRConfig
    stm32f10x_tim.o(i.TIM_ETRClockMode2Config) refers to stm32f10x_tim.o(i.TIM_ETRConfig) for TIM_ETRConfig
    stm32f10x_tim.o(i.TIM_ICInit) refers to stm32f10x_tim.o(i.TI1_Config) for TI1_Config
    stm32f10x_tim.o(i.TIM_ICInit) refers to stm32f10x_tim.o(i.TIM_SetIC1Prescaler) for TIM_SetIC1Prescaler
    stm32f10x_tim.o(i.TIM_ICInit) refers to stm32f10x_tim.o(i.TI2_Config) for TI2_Config
    stm32f10x_tim.o(i.TIM_ICInit) refers to stm32f10x_tim.o(i.TIM_SetIC2Prescaler) for TIM_SetIC2Prescaler
    stm32f10x_tim.o(i.TIM_ICInit) refers to stm32f10x_tim.o(i.TI3_Config) for TI3_Config
    stm32f10x_tim.o(i.TIM_ICInit) refers to stm32f10x_tim.o(i.TIM_SetIC3Prescaler) for TIM_SetIC3Prescaler
    stm32f10x_tim.o(i.TIM_ICInit) refers to stm32f10x_tim.o(i.TI4_Config) for TI4_Config
    stm32f10x_tim.o(i.TIM_ICInit) refers to stm32f10x_tim.o(i.TIM_SetIC4Prescaler) for TIM_SetIC4Prescaler
    stm32f10x_tim.o(i.TIM_ITRxExternalClockConfig) refers to stm32f10x_tim.o(i.TIM_SelectInputTrigger) for TIM_SelectInputTrigger
    stm32f10x_tim.o(i.TIM_PWMIConfig) refers to stm32f10x_tim.o(i.TI1_Config) for TI1_Config
    stm32f10x_tim.o(i.TIM_PWMIConfig) refers to stm32f10x_tim.o(i.TIM_SetIC1Prescaler) for TIM_SetIC1Prescaler
    stm32f10x_tim.o(i.TIM_PWMIConfig) refers to stm32f10x_tim.o(i.TI2_Config) for TI2_Config
    stm32f10x_tim.o(i.TIM_PWMIConfig) refers to stm32f10x_tim.o(i.TIM_SetIC2Prescaler) for TIM_SetIC2Prescaler
    stm32f10x_tim.o(i.TIM_TIxExternalClockConfig) refers to stm32f10x_tim.o(i.TI2_Config) for TI2_Config
    stm32f10x_tim.o(i.TIM_TIxExternalClockConfig) refers to stm32f10x_tim.o(i.TI1_Config) for TI1_Config
    stm32f10x_tim.o(i.TIM_TIxExternalClockConfig) refers to stm32f10x_tim.o(i.TIM_SelectInputTrigger) for TIM_SelectInputTrigger
    stm32f10x_flash.o(i.FLASH_EnableWriteProtection) refers to stm32f10x_flash.o(i.FLASH_WaitForLastOperation) for FLASH_WaitForLastOperation
    stm32f10x_flash.o(i.FLASH_EraseAllBank1Pages) refers to stm32f10x_flash.o(i.FLASH_WaitForLastBank1Operation) for FLASH_WaitForLastBank1Operation
    stm32f10x_flash.o(i.FLASH_EraseAllPages) refers to stm32f10x_flash.o(i.FLASH_WaitForLastOperation) for FLASH_WaitForLastOperation
    stm32f10x_flash.o(i.FLASH_EraseOptionBytes) refers to stm32f10x_flash.o(i.FLASH_GetReadOutProtectionStatus) for FLASH_GetReadOutProtectionStatus
    stm32f10x_flash.o(i.FLASH_EraseOptionBytes) refers to stm32f10x_flash.o(i.FLASH_WaitForLastOperation) for FLASH_WaitForLastOperation
    stm32f10x_flash.o(i.FLASH_ErasePage) refers to stm32f10x_flash.o(i.FLASH_WaitForLastOperation) for FLASH_WaitForLastOperation
    stm32f10x_flash.o(i.FLASH_ProgramHalfWord) refers to stm32f10x_flash.o(i.FLASH_WaitForLastOperation) for FLASH_WaitForLastOperation
    stm32f10x_flash.o(i.FLASH_ProgramOptionByteData) refers to stm32f10x_flash.o(i.FLASH_WaitForLastOperation) for FLASH_WaitForLastOperation
    stm32f10x_flash.o(i.FLASH_ProgramWord) refers to stm32f10x_flash.o(i.FLASH_WaitForLastOperation) for FLASH_WaitForLastOperation
    stm32f10x_flash.o(i.FLASH_ReadOutProtection) refers to stm32f10x_flash.o(i.FLASH_WaitForLastOperation) for FLASH_WaitForLastOperation
    stm32f10x_flash.o(i.FLASH_UserOptionByteConfig) refers to stm32f10x_flash.o(i.FLASH_WaitForLastOperation) for FLASH_WaitForLastOperation
    stm32f10x_flash.o(i.FLASH_WaitForLastBank1Operation) refers to stm32f10x_flash.o(i.FLASH_GetBank1Status) for FLASH_GetBank1Status
    stm32f10x_flash.o(i.FLASH_WaitForLastOperation) refers to stm32f10x_flash.o(i.FLASH_GetBank1Status) for FLASH_GetBank1Status
    stm32f10x_spi.o(i.I2S_Init) refers to stm32f10x_rcc.o(i.RCC_GetClocksFreq) for RCC_GetClocksFreq
    stm32f10x_spi.o(i.SPI_I2S_DeInit) refers to stm32f10x_rcc.o(i.RCC_APB2PeriphResetCmd) for RCC_APB2PeriphResetCmd
    stm32f10x_spi.o(i.SPI_I2S_DeInit) refers to stm32f10x_rcc.o(i.RCC_APB1PeriphResetCmd) for RCC_APB1PeriphResetCmd
    entry.o(.ARM.Collect$$$$00000000) refers (Special) to entry10a.o(.ARM.Collect$$$$0000000D) for __rt_final_cpp
    entry.o(.ARM.Collect$$$$00000000) refers (Special) to entry11a.o(.ARM.Collect$$$$0000000F) for __rt_final_exit
    entry.o(.ARM.Collect$$$$00000000) refers (Special) to entry7b.o(.ARM.Collect$$$$00000008) for _main_clock
    entry.o(.ARM.Collect$$$$00000000) refers (Special) to entry8b.o(.ARM.Collect$$$$0000000A) for _main_cpp_init
    entry.o(.ARM.Collect$$$$00000000) refers (Special) to entry9a.o(.ARM.Collect$$$$0000000B) for _main_init
    entry.o(.ARM.Collect$$$$00000000) refers (Special) to entry5.o(.ARM.Collect$$$$00000004) for _main_scatterload
    entry.o(.ARM.Collect$$$$00000000) refers (Special) to entry2.o(.ARM.Collect$$$$00000001) for _main_stk
    dmul.o(.text) refers (Special) to iusefp.o(.text) for __I$use$fp
    dmul.o(.text) refers to depilogue.o(.text) for _double_epilogue
    ddiv.o(.text) refers (Special) to iusefp.o(.text) for __I$use$fp
    ddiv.o(.text) refers to depilogue.o(.text) for _double_round
    dflti.o(.text) refers (Special) to iusefp.o(.text) for __I$use$fp
    dflti.o(.text) refers to depilogue.o(.text) for _double_epilogue
    dfltui.o(.text) refers (Special) to iusefp.o(.text) for __I$use$fp
    dfltui.o(.text) refers to depilogue.o(.text) for _double_epilogue
    dfixi.o(.text) refers (Special) to iusefp.o(.text) for __I$use$fp
    dfixi.o(.text) refers to llushr.o(.text) for __aeabi_llsr
    dfixui.o(.text) refers (Special) to iusefp.o(.text) for __I$use$fp
    dfixui.o(.text) refers to llushr.o(.text) for __aeabi_llsr
    entry2.o(.ARM.Collect$$$$00000001) refers to entry2.o(.ARM.Collect$$$$00002712) for __lit__00000000
    entry2.o(.ARM.Collect$$$$00002712) refers to startup_stm32f10x_hd.o(STACK) for __initial_sp
    entry2.o(__vectab_stack_and_reset_area) refers to startup_stm32f10x_hd.o(STACK) for __initial_sp
    entry2.o(__vectab_stack_and_reset_area) refers to entry.o(.ARM.Collect$$$$00000000) for __main
    entry5.o(.ARM.Collect$$$$00000004) refers to init.o(.text) for __scatterload
    entry9a.o(.ARM.Collect$$$$0000000B) refers to main.o(i.main) for main
    entry9b.o(.ARM.Collect$$$$0000000C) refers to main.o(i.main) for main
    depilogue.o(.text) refers to llshl.o(.text) for __aeabi_llsl
    depilogue.o(.text) refers to llushr.o(.text) for __aeabi_llsr
    init.o(.text) refers to entry5.o(.ARM.Collect$$$$00000004) for __main_after_scatterload


==============================================================================

Removing Unused input sections from the image.

    Removing main.o(i.Delay400Ms), (38 bytes).
    Removing main.o(i.Delay5Ms), (26 bytes).
    Removing main.o(i.UsartSendData), (44 bytes).
    Removing main.o(i.fputc), (32 bytes).
    Removing system_stm32f10x.o(i.SystemCoreClockUpdate), (164 bytes).
    Removing oled_iic.o(i.Delay_1ms), (26 bytes).
    Removing oled_iic.o(i.Delay_50ms), (22 bytes).
    Removing oled_iic.o(i.OLED_Display_Off), (28 bytes).
    Removing oled_iic.o(i.OLED_Display_On), (28 bytes).
    Removing oled_iic.o(i.OLED_DrawBMP), (118 bytes).
    Removing oled_iic.o(i.OLED_On), (62 bytes).
    Removing oled_iic.o(i.OLED_ShowNum), (136 bytes).
    Removing oled_iic.o(i.fill_picture), (64 bytes).
    Removing oled_iic.o(i.oled_pow), (22 bytes).
    Removing sys.o(.emb_text), (6 bytes).
    Removing sys.o(i.INTX_DISABLE), (4 bytes).
    Removing sys.o(i.INTX_ENABLE), (4 bytes).
    Removing sys.o(i.WFI_SET), (4 bytes).
    Removing usart.o(i._sys_exit), (6 bytes).
    Removing usart.o(i.uart_init), (160 bytes).
    Removing usart.o(.bss), (200 bytes).
    Removing usart.o(.data), (6 bytes).
    Removing core_cm3.o(.emb_text), (32 bytes).
    Removing startup_stm32f10x_hd.o(HEAP), (512 bytes).
    Removing misc.o(i.NVIC_SetVectorTable), (20 bytes).
    Removing misc.o(i.NVIC_SystemLPConfig), (32 bytes).
    Removing stm32f10x_gpio.o(i.GPIO_AFIODeInit), (20 bytes).
    Removing stm32f10x_gpio.o(i.GPIO_DeInit), (200 bytes).
    Removing stm32f10x_gpio.o(i.GPIO_ETH_MediaInterfaceConfig), (12 bytes).
    Removing stm32f10x_gpio.o(i.GPIO_EXTILineConfig), (64 bytes).
    Removing stm32f10x_gpio.o(i.GPIO_EventOutputCmd), (12 bytes).
    Removing stm32f10x_gpio.o(i.GPIO_EventOutputConfig), (32 bytes).
    Removing stm32f10x_gpio.o(i.GPIO_PinLockConfig), (18 bytes).
    Removing stm32f10x_gpio.o(i.GPIO_ReadInputData), (8 bytes).
    Removing stm32f10x_gpio.o(i.GPIO_ReadOutputData), (8 bytes).
    Removing stm32f10x_gpio.o(i.GPIO_ReadOutputDataBit), (18 bytes).
    Removing stm32f10x_gpio.o(i.GPIO_StructInit), (16 bytes).
    Removing stm32f10x_gpio.o(i.GPIO_Write), (4 bytes).
    Removing stm32f10x_gpio.o(i.GPIO_WriteBit), (10 bytes).
    Removing stm32f10x_dbgmcu.o(i.DBGMCU_Config), (32 bytes).
    Removing stm32f10x_dbgmcu.o(i.DBGMCU_GetDEVID), (16 bytes).
    Removing stm32f10x_dbgmcu.o(i.DBGMCU_GetREVID), (12 bytes).
    Removing stm32f10x_rcc.o(i.RCC_ADCCLKConfig), (24 bytes).
    Removing stm32f10x_rcc.o(i.RCC_AHBPeriphClockCmd), (32 bytes).
    Removing stm32f10x_rcc.o(i.RCC_AdjustHSICalibrationValue), (24 bytes).
    Removing stm32f10x_rcc.o(i.RCC_BackupResetCmd), (12 bytes).
    Removing stm32f10x_rcc.o(i.RCC_ClearFlag), (20 bytes).
    Removing stm32f10x_rcc.o(i.RCC_ClearITPendingBit), (12 bytes).
    Removing stm32f10x_rcc.o(i.RCC_ClockSecuritySystemCmd), (12 bytes).
    Removing stm32f10x_rcc.o(i.RCC_DeInit), (76 bytes).
    Removing stm32f10x_rcc.o(i.RCC_GetFlagStatus), (60 bytes).
    Removing stm32f10x_rcc.o(i.RCC_GetITStatus), (24 bytes).
    Removing stm32f10x_rcc.o(i.RCC_GetSYSCLKSource), (16 bytes).
    Removing stm32f10x_rcc.o(i.RCC_HCLKConfig), (24 bytes).
    Removing stm32f10x_rcc.o(i.RCC_HSEConfig), (76 bytes).
    Removing stm32f10x_rcc.o(i.RCC_HSICmd), (12 bytes).
    Removing stm32f10x_rcc.o(i.RCC_ITConfig), (32 bytes).
    Removing stm32f10x_rcc.o(i.RCC_LSEConfig), (52 bytes).
    Removing stm32f10x_rcc.o(i.RCC_LSICmd), (12 bytes).
    Removing stm32f10x_rcc.o(i.RCC_MCOConfig), (12 bytes).
    Removing stm32f10x_rcc.o(i.RCC_PCLK1Config), (24 bytes).
    Removing stm32f10x_rcc.o(i.RCC_PCLK2Config), (24 bytes).
    Removing stm32f10x_rcc.o(i.RCC_PLLCmd), (12 bytes).
    Removing stm32f10x_rcc.o(i.RCC_PLLConfig), (28 bytes).
    Removing stm32f10x_rcc.o(i.RCC_RTCCLKCmd), (12 bytes).
    Removing stm32f10x_rcc.o(i.RCC_RTCCLKConfig), (16 bytes).
    Removing stm32f10x_rcc.o(i.RCC_SYSCLKConfig), (24 bytes).
    Removing stm32f10x_rcc.o(i.RCC_USBCLKConfig), (12 bytes).
    Removing stm32f10x_rcc.o(i.RCC_WaitForHSEStartUp), (56 bytes).
    Removing stm32f10x_usart.o(i.USART_ClockInit), (34 bytes).
    Removing stm32f10x_usart.o(i.USART_ClockStructInit), (12 bytes).
    Removing stm32f10x_usart.o(i.USART_DMACmd), (18 bytes).
    Removing stm32f10x_usart.o(i.USART_DeInit), (156 bytes).
    Removing stm32f10x_usart.o(i.USART_HalfDuplexCmd), (24 bytes).
    Removing stm32f10x_usart.o(i.USART_IrDACmd), (24 bytes).
    Removing stm32f10x_usart.o(i.USART_IrDAConfig), (18 bytes).
    Removing stm32f10x_usart.o(i.USART_LINBreakDetectLengthConfig), (18 bytes).
    Removing stm32f10x_usart.o(i.USART_LINCmd), (24 bytes).
    Removing stm32f10x_usart.o(i.USART_OneBitMethodCmd), (24 bytes).
    Removing stm32f10x_usart.o(i.USART_OverSampling8Cmd), (22 bytes).
    Removing stm32f10x_usart.o(i.USART_ReceiverWakeUpCmd), (24 bytes).
    Removing stm32f10x_usart.o(i.USART_SendBreak), (10 bytes).
    Removing stm32f10x_usart.o(i.USART_SendData), (8 bytes).
    Removing stm32f10x_usart.o(i.USART_SetAddress), (18 bytes).
    Removing stm32f10x_usart.o(i.USART_SetGuardTime), (16 bytes).
    Removing stm32f10x_usart.o(i.USART_SetPrescaler), (16 bytes).
    Removing stm32f10x_usart.o(i.USART_SmartCardCmd), (24 bytes).
    Removing stm32f10x_usart.o(i.USART_SmartCardNACKCmd), (24 bytes).
    Removing stm32f10x_usart.o(i.USART_StructInit), (24 bytes).
    Removing stm32f10x_usart.o(i.USART_WakeUpConfig), (18 bytes).
    Removing stm32f10x_tim.o(i.TI1_Config), (128 bytes).
    Removing stm32f10x_tim.o(i.TI2_Config), (152 bytes).
    Removing stm32f10x_tim.o(i.TI3_Config), (144 bytes).
    Removing stm32f10x_tim.o(i.TI4_Config), (152 bytes).
    Removing stm32f10x_tim.o(i.TIM_ARRPreloadConfig), (24 bytes).
    Removing stm32f10x_tim.o(i.TIM_BDTRConfig), (32 bytes).
    Removing stm32f10x_tim.o(i.TIM_BDTRStructInit), (18 bytes).
    Removing stm32f10x_tim.o(i.TIM_CCPreloadControl), (24 bytes).
    Removing stm32f10x_tim.o(i.TIM_CCxCmd), (30 bytes).
    Removing stm32f10x_tim.o(i.TIM_CCxNCmd), (30 bytes).
    Removing stm32f10x_tim.o(i.TIM_ClearOC1Ref), (18 bytes).
    Removing stm32f10x_tim.o(i.TIM_ClearOC2Ref), (24 bytes).
    Removing stm32f10x_tim.o(i.TIM_ClearOC3Ref), (18 bytes).
    Removing stm32f10x_tim.o(i.TIM_ClearOC4Ref), (24 bytes).
    Removing stm32f10x_tim.o(i.TIM_CounterModeConfig), (18 bytes).
    Removing stm32f10x_tim.o(i.TIM_CtrlPWMOutputs), (30 bytes).
    Removing stm32f10x_tim.o(i.TIM_DMACmd), (18 bytes).
    Removing stm32f10x_tim.o(i.TIM_DMAConfig), (10 bytes).
    Removing stm32f10x_tim.o(i.TIM_ETRClockMode1Config), (54 bytes).
    Removing stm32f10x_tim.o(i.TIM_ETRClockMode2Config), (32 bytes).
    Removing stm32f10x_tim.o(i.TIM_ETRConfig), (28 bytes).
    Removing stm32f10x_tim.o(i.TIM_EncoderInterfaceConfig), (66 bytes).
    Removing stm32f10x_tim.o(i.TIM_ForcedOC1Config), (18 bytes).
    Removing stm32f10x_tim.o(i.TIM_ForcedOC2Config), (26 bytes).
    Removing stm32f10x_tim.o(i.TIM_ForcedOC3Config), (18 bytes).
    Removing stm32f10x_tim.o(i.TIM_ForcedOC4Config), (26 bytes).
    Removing stm32f10x_tim.o(i.TIM_GenerateEvent), (4 bytes).
    Removing stm32f10x_tim.o(i.TIM_GetCapture1), (6 bytes).
    Removing stm32f10x_tim.o(i.TIM_GetCapture2), (6 bytes).
    Removing stm32f10x_tim.o(i.TIM_GetCapture3), (6 bytes).
    Removing stm32f10x_tim.o(i.TIM_GetCapture4), (8 bytes).
    Removing stm32f10x_tim.o(i.TIM_GetFlagStatus), (18 bytes).
    Removing stm32f10x_tim.o(i.TIM_GetPrescaler), (6 bytes).
    Removing stm32f10x_tim.o(i.TIM_ICInit), (172 bytes).
    Removing stm32f10x_tim.o(i.TIM_ICStructInit), (18 bytes).
    Removing stm32f10x_tim.o(i.TIM_ITRxExternalClockConfig), (24 bytes).
    Removing stm32f10x_tim.o(i.TIM_InternalClockConfig), (12 bytes).
    Removing stm32f10x_tim.o(i.TIM_OC1FastConfig), (18 bytes).
    Removing stm32f10x_tim.o(i.TIM_OC1Init), (152 bytes).
    Removing stm32f10x_tim.o(i.TIM_OC1NPolarityConfig), (18 bytes).
    Removing stm32f10x_tim.o(i.TIM_OC1PolarityConfig), (18 bytes).
    Removing stm32f10x_tim.o(i.TIM_OC1PreloadConfig), (18 bytes).
    Removing stm32f10x_tim.o(i.TIM_OC2FastConfig), (26 bytes).
    Removing stm32f10x_tim.o(i.TIM_OC2Init), (164 bytes).
    Removing stm32f10x_tim.o(i.TIM_OC2NPolarityConfig), (26 bytes).
    Removing stm32f10x_tim.o(i.TIM_OC2PolarityConfig), (26 bytes).
    Removing stm32f10x_tim.o(i.TIM_OC2PreloadConfig), (26 bytes).
    Removing stm32f10x_tim.o(i.TIM_OC3FastConfig), (18 bytes).
    Removing stm32f10x_tim.o(i.TIM_OC3Init), (160 bytes).
    Removing stm32f10x_tim.o(i.TIM_OC3NPolarityConfig), (26 bytes).
    Removing stm32f10x_tim.o(i.TIM_OC3PolarityConfig), (26 bytes).
    Removing stm32f10x_tim.o(i.TIM_OC3PreloadConfig), (18 bytes).
    Removing stm32f10x_tim.o(i.TIM_OC4FastConfig), (26 bytes).
    Removing stm32f10x_tim.o(i.TIM_OC4Init), (124 bytes).
    Removing stm32f10x_tim.o(i.TIM_OC4PolarityConfig), (26 bytes).
    Removing stm32f10x_tim.o(i.TIM_OC4PreloadConfig), (26 bytes).
    Removing stm32f10x_tim.o(i.TIM_OCStructInit), (20 bytes).
    Removing stm32f10x_tim.o(i.TIM_PWMIConfig), (124 bytes).
    Removing stm32f10x_tim.o(i.TIM_PrescalerConfig), (6 bytes).
    Removing stm32f10x_tim.o(i.TIM_SelectCCDMA), (24 bytes).
    Removing stm32f10x_tim.o(i.TIM_SelectCOM), (24 bytes).
    Removing stm32f10x_tim.o(i.TIM_SelectHallSensor), (24 bytes).
    Removing stm32f10x_tim.o(i.TIM_SelectInputTrigger), (18 bytes).
    Removing stm32f10x_tim.o(i.TIM_SelectMasterSlaveMode), (18 bytes).
    Removing stm32f10x_tim.o(i.TIM_SelectOCxM), (82 bytes).
    Removing stm32f10x_tim.o(i.TIM_SelectOnePulseMode), (18 bytes).
    Removing stm32f10x_tim.o(i.TIM_SelectOutputTrigger), (18 bytes).
    Removing stm32f10x_tim.o(i.TIM_SelectSlaveMode), (18 bytes).
    Removing stm32f10x_tim.o(i.TIM_SetAutoreload), (4 bytes).
    Removing stm32f10x_tim.o(i.TIM_SetClockDivision), (18 bytes).
    Removing stm32f10x_tim.o(i.TIM_SetCompare1), (4 bytes).
    Removing stm32f10x_tim.o(i.TIM_SetCompare2), (4 bytes).
    Removing stm32f10x_tim.o(i.TIM_SetCompare3), (4 bytes).
    Removing stm32f10x_tim.o(i.TIM_SetCompare4), (6 bytes).
    Removing stm32f10x_tim.o(i.TIM_SetIC1Prescaler), (18 bytes).
    Removing stm32f10x_tim.o(i.TIM_SetIC2Prescaler), (26 bytes).
    Removing stm32f10x_tim.o(i.TIM_SetIC3Prescaler), (18 bytes).
    Removing stm32f10x_tim.o(i.TIM_SetIC4Prescaler), (26 bytes).
    Removing stm32f10x_tim.o(i.TIM_TIxExternalClockConfig), (62 bytes).
    Removing stm32f10x_tim.o(i.TIM_TimeBaseStructInit), (18 bytes).
    Removing stm32f10x_tim.o(i.TIM_UpdateDisableConfig), (24 bytes).
    Removing stm32f10x_tim.o(i.TIM_UpdateRequestConfig), (24 bytes).
    Removing stm32f10x_flash.o(i.FLASH_ClearFlag), (12 bytes).
    Removing stm32f10x_flash.o(i.FLASH_EnableWriteProtection), (196 bytes).
    Removing stm32f10x_flash.o(i.FLASH_EraseAllBank1Pages), (72 bytes).
    Removing stm32f10x_flash.o(i.FLASH_EraseAllPages), (72 bytes).
    Removing stm32f10x_flash.o(i.FLASH_EraseOptionBytes), (168 bytes).
    Removing stm32f10x_flash.o(i.FLASH_ErasePage), (76 bytes).
    Removing stm32f10x_flash.o(i.FLASH_GetBank1Status), (52 bytes).
    Removing stm32f10x_flash.o(i.FLASH_GetFlagStatus), (48 bytes).
    Removing stm32f10x_flash.o(i.FLASH_GetPrefetchBufferStatus), (24 bytes).
    Removing stm32f10x_flash.o(i.FLASH_GetReadOutProtectionStatus), (24 bytes).
    Removing stm32f10x_flash.o(i.FLASH_GetStatus), (52 bytes).
    Removing stm32f10x_flash.o(i.FLASH_GetUserOptionByte), (12 bytes).
    Removing stm32f10x_flash.o(i.FLASH_GetWriteProtectionOptionByte), (12 bytes).
    Removing stm32f10x_flash.o(i.FLASH_HalfCycleAccessCmd), (28 bytes).
    Removing stm32f10x_flash.o(i.FLASH_ITConfig), (32 bytes).
    Removing stm32f10x_flash.o(i.FLASH_Lock), (20 bytes).
    Removing stm32f10x_flash.o(i.FLASH_LockBank1), (20 bytes).
    Removing stm32f10x_flash.o(i.FLASH_PrefetchBufferCmd), (28 bytes).
    Removing stm32f10x_flash.o(i.FLASH_ProgramHalfWord), (64 bytes).
    Removing stm32f10x_flash.o(i.FLASH_ProgramOptionByteData), (84 bytes).
    Removing stm32f10x_flash.o(i.FLASH_ProgramWord), (108 bytes).
    Removing stm32f10x_flash.o(i.FLASH_ReadOutProtection), (172 bytes).
    Removing stm32f10x_flash.o(i.FLASH_SetLatency), (24 bytes).
    Removing stm32f10x_flash.o(i.FLASH_Unlock), (24 bytes).
    Removing stm32f10x_flash.o(i.FLASH_UnlockBank1), (24 bytes).
    Removing stm32f10x_flash.o(i.FLASH_UserOptionByteConfig), (104 bytes).
    Removing stm32f10x_flash.o(i.FLASH_WaitForLastBank1Operation), (38 bytes).
    Removing stm32f10x_flash.o(i.FLASH_WaitForLastOperation), (38 bytes).
    Removing stm32f10x_exti.o(i.EXTI_ClearFlag), (12 bytes).
    Removing stm32f10x_exti.o(i.EXTI_ClearITPendingBit), (12 bytes).
    Removing stm32f10x_exti.o(i.EXTI_DeInit), (36 bytes).
    Removing stm32f10x_exti.o(i.EXTI_GenerateSWInterrupt), (16 bytes).
    Removing stm32f10x_exti.o(i.EXTI_GetFlagStatus), (24 bytes).
    Removing stm32f10x_exti.o(i.EXTI_GetITStatus), (40 bytes).
    Removing stm32f10x_exti.o(i.EXTI_Init), (148 bytes).
    Removing stm32f10x_exti.o(i.EXTI_StructInit), (16 bytes).
    Removing stm32f10x_spi.o(i.I2S_Cmd), (24 bytes).
    Removing stm32f10x_spi.o(i.I2S_Init), (232 bytes).
    Removing stm32f10x_spi.o(i.I2S_StructInit), (20 bytes).
    Removing stm32f10x_spi.o(i.SPI_BiDirectionalLineConfig), (28 bytes).
    Removing stm32f10x_spi.o(i.SPI_CalculateCRC), (24 bytes).
    Removing stm32f10x_spi.o(i.SPI_Cmd), (24 bytes).
    Removing stm32f10x_spi.o(i.SPI_DataSizeConfig), (18 bytes).
    Removing stm32f10x_spi.o(i.SPI_GetCRC), (16 bytes).
    Removing stm32f10x_spi.o(i.SPI_GetCRCPolynomial), (6 bytes).
    Removing stm32f10x_spi.o(i.SPI_I2S_ClearFlag), (6 bytes).
    Removing stm32f10x_spi.o(i.SPI_I2S_ClearITPendingBit), (20 bytes).
    Removing stm32f10x_spi.o(i.SPI_I2S_DMACmd), (18 bytes).
    Removing stm32f10x_spi.o(i.SPI_I2S_DeInit), (88 bytes).
    Removing stm32f10x_spi.o(i.SPI_I2S_GetFlagStatus), (18 bytes).
    Removing stm32f10x_spi.o(i.SPI_I2S_GetITStatus), (52 bytes).
    Removing stm32f10x_spi.o(i.SPI_I2S_ITConfig), (32 bytes).
    Removing stm32f10x_spi.o(i.SPI_I2S_ReceiveData), (6 bytes).
    Removing stm32f10x_spi.o(i.SPI_I2S_SendData), (4 bytes).
    Removing stm32f10x_spi.o(i.SPI_Init), (60 bytes).
    Removing stm32f10x_spi.o(i.SPI_NSSInternalSoftwareConfig), (30 bytes).
    Removing stm32f10x_spi.o(i.SPI_SSOutputCmd), (24 bytes).
    Removing stm32f10x_spi.o(i.SPI_StructInit), (24 bytes).
    Removing stm32f10x_spi.o(i.SPI_TransmitCRC), (10 bytes).

231 unused section(s) (total 9324 bytes) removed from the image.

==============================================================================

Image Symbol Table

    Local Symbols

    Symbol Name                              Value     Ov Type        Size  Object(Section)

    ../clib/../cmprslib/zerorunl2.c          0x00000000   Number         0  __dczerorl2.o ABSOLUTE
    ../clib/microlib/init/entry.s            0x00000000   Number         0  entry9b.o ABSOLUTE
    ../clib/microlib/init/entry.s            0x00000000   Number         0  entry9a.o ABSOLUTE
    ../clib/microlib/init/entry.s            0x00000000   Number         0  entry2.o ABSOLUTE
    ../clib/microlib/init/entry.s            0x00000000   Number         0  entry8b.o ABSOLUTE
    ../clib/microlib/init/entry.s            0x00000000   Number         0  entry8a.o ABSOLUTE
    ../clib/microlib/init/entry.s            0x00000000   Number         0  entry7b.o ABSOLUTE
    ../clib/microlib/init/entry.s            0x00000000   Number         0  entry11b.o ABSOLUTE
    ../clib/microlib/init/entry.s            0x00000000   Number         0  entry7a.o ABSOLUTE
    ../clib/microlib/init/entry.s            0x00000000   Number         0  entry11a.o ABSOLUTE
    ../clib/microlib/init/entry.s            0x00000000   Number         0  entry10b.o ABSOLUTE
    ../clib/microlib/init/entry.s            0x00000000   Number         0  entry10a.o ABSOLUTE
    ../clib/microlib/init/entry.s            0x00000000   Number         0  entry.o ABSOLUTE
    ../clib/microlib/init/entry.s            0x00000000   Number         0  entry5.o ABSOLUTE
    ../clib/microlib/longlong.c              0x00000000   Number         0  llshl.o ABSOLUTE
    ../clib/microlib/longlong.c              0x00000000   Number         0  llushr.o ABSOLUTE
    ../clib/microlib/stubs.s                 0x00000000   Number         0  useno.o ABSOLUTE
    ../clib/microlib/stubs.s                 0x00000000   Number         0  iusefp.o ABSOLUTE
    ../fplib/microlib/fpdiv.c                0x00000000   Number         0  ddiv.o ABSOLUTE
    ../fplib/microlib/fpepilogue.c           0x00000000   Number         0  depilogue.o ABSOLUTE
    ../fplib/microlib/fpfix.c                0x00000000   Number         0  dfixi.o ABSOLUTE
    ../fplib/microlib/fpfix.c                0x00000000   Number         0  dfixui.o ABSOLUTE
    ../fplib/microlib/fpflt.c                0x00000000   Number         0  dflti.o ABSOLUTE
    ../fplib/microlib/fpflt.c                0x00000000   Number         0  dfltui.o ABSOLUTE
    ../fplib/microlib/fpmul.c                0x00000000   Number         0  dmul.o ABSOLUTE
    ..\CORE\core_cm3.c                       0x00000000   Number         0  core_cm3.o ABSOLUTE
    ..\CORE\startup_stm32f10x_hd.s           0x00000000   Number         0  startup_stm32f10x_hd.o ABSOLUTE
    ..\HARDWARE\DHT11.c                      0x00000000   Number         0  dht11.o ABSOLUTE
    ..\HARDWARE\UltrasonicWave.c             0x00000000   Number         0  ultrasonicwave.o ABSOLUTE
    ..\HARDWARE\oled_IIC.c                   0x00000000   Number         0  oled_iic.o ABSOLUTE
    ..\STM32F10x_FWLib\src\misc.c            0x00000000   Number         0  misc.o ABSOLUTE
    ..\STM32F10x_FWLib\src\stm32f10x_dbgmcu.c 0x00000000   Number         0  stm32f10x_dbgmcu.o ABSOLUTE
    ..\STM32F10x_FWLib\src\stm32f10x_exti.c  0x00000000   Number         0  stm32f10x_exti.o ABSOLUTE
    ..\STM32F10x_FWLib\src\stm32f10x_flash.c 0x00000000   Number         0  stm32f10x_flash.o ABSOLUTE
    ..\STM32F10x_FWLib\src\stm32f10x_gpio.c  0x00000000   Number         0  stm32f10x_gpio.o ABSOLUTE
    ..\STM32F10x_FWLib\src\stm32f10x_rcc.c   0x00000000   Number         0  stm32f10x_rcc.o ABSOLUTE
    ..\STM32F10x_FWLib\src\stm32f10x_spi.c   0x00000000   Number         0  stm32f10x_spi.o ABSOLUTE
    ..\STM32F10x_FWLib\src\stm32f10x_tim.c   0x00000000   Number         0  stm32f10x_tim.o ABSOLUTE
    ..\STM32F10x_FWLib\src\stm32f10x_usart.c 0x00000000   Number         0  stm32f10x_usart.o ABSOLUTE
    ..\SYSTEM\delay\delay.c                  0x00000000   Number         0  delay.o ABSOLUTE
    ..\SYSTEM\sys\sys.c                      0x00000000   Number         0  sys.o ABSOLUTE
    ..\SYSTEM\usart\usart.c                  0x00000000   Number         0  usart.o ABSOLUTE
    ..\\CORE\\core_cm3.c                     0x00000000   Number         0  core_cm3.o ABSOLUTE
    ..\\SYSTEM\\sys\\sys.c                   0x00000000   Number         0  sys.o ABSOLUTE
    dc.s                                     0x00000000   Number         0  dc.o ABSOLUTE
    handlers.s                               0x00000000   Number         0  handlers.o ABSOLUTE
    init.s                                   0x00000000   Number         0  init.o ABSOLUTE
    main.c                                   0x00000000   Number         0  main.o ABSOLUTE
    stm32f10x_it.c                           0x00000000   Number         0  stm32f10x_it.o ABSOLUTE
    system_stm32f10x.c                       0x00000000   Number         0  system_stm32f10x.o ABSOLUTE
    RESET                                    0x08000000   Section      304  startup_stm32f10x_hd.o(RESET)
    .ARM.Collect$$$$00000000                 0x08000130   Section        0  entry.o(.ARM.Collect$$$$00000000)
    .ARM.Collect$$$$00000001                 0x08000130   Section        4  entry2.o(.ARM.Collect$$$$00000001)
    .ARM.Collect$$$$00000004                 0x08000134   Section        4  entry5.o(.ARM.Collect$$$$00000004)
    .ARM.Collect$$$$00000008                 0x08000138   Section        0  entry7b.o(.ARM.Collect$$$$00000008)
    .ARM.Collect$$$$0000000A                 0x08000138   Section        0  entry8b.o(.ARM.Collect$$$$0000000A)
    .ARM.Collect$$$$0000000B                 0x08000138   Section        8  entry9a.o(.ARM.Collect$$$$0000000B)
    .ARM.Collect$$$$0000000D                 0x08000140   Section        0  entry10a.o(.ARM.Collect$$$$0000000D)
    .ARM.Collect$$$$0000000F                 0x08000140   Section        0  entry11a.o(.ARM.Collect$$$$0000000F)
    .ARM.Collect$$$$00002712                 0x08000140   Section        4  entry2.o(.ARM.Collect$$$$00002712)
    __lit__00000000                          0x08000140   Data           4  entry2.o(.ARM.Collect$$$$00002712)
    .text                                    0x08000144   Section       36  startup_stm32f10x_hd.o(.text)
    .text                                    0x08000168   Section        0  dmul.o(.text)
    .text                                    0x0800024c   Section        0  ddiv.o(.text)
    .text                                    0x0800032a   Section        0  dflti.o(.text)
    .text                                    0x0800034c   Section        0  dfltui.o(.text)
    .text                                    0x08000366   Section        0  dfixi.o(.text)
    .text                                    0x080003a4   Section        0  dfixui.o(.text)
    .text                                    0x080003d6   Section        0  llushr.o(.text)
    .text                                    0x080003f6   Section        0  depilogue.o(.text)
    .text                                    0x080003f6   Section        0  iusefp.o(.text)
    .text                                    0x080004b0   Section       36  init.o(.text)
    .text                                    0x080004d4   Section        0  llshl.o(.text)
    .text                                    0x080004f2   Section        0  __dczerorl2.o(.text)
    i.BusFault_Handler                       0x08000548   Section        0  stm32f10x_it.o(i.BusFault_Handler)
    i.DHT11Delay30us                         0x0800054c   Section        0  dht11.o(i.DHT11Delay30us)
    i.DHT11_Start                            0x08000558   Section        0  dht11.o(i.DHT11_Start)
    i.DHT11_receive                          0x080005f8   Section        0  dht11.o(i.DHT11_receive)
    i.DHT1DelayNms                           0x0800065c   Section        0  dht11.o(i.DHT1DelayNms)
    i.DHT1DelayNms10us                       0x08000668   Section        0  dht11.o(i.DHT1DelayNms10us)
    i.DebugMon_Handler                       0x08000672   Section        0  stm32f10x_it.o(i.DebugMon_Handler)
    i.DelayTime_us                           0x08000674   Section        0  ultrasonicwave.o(i.DelayTime_us)
    i.GPIOD_Init                             0x08000680   Section        0  main.o(i.GPIOD_Init)
    i.GPIO_Init                              0x0800072c   Section        0  stm32f10x_gpio.o(i.GPIO_Init)
    i.GPIO_PinRemapConfig                    0x08000844   Section        0  stm32f10x_gpio.o(i.GPIO_PinRemapConfig)
    i.GPIO_ReadInputDataBit                  0x080008d4   Section        0  stm32f10x_gpio.o(i.GPIO_ReadInputDataBit)
    i.GPIO_ResetBits                         0x080008e6   Section        0  stm32f10x_gpio.o(i.GPIO_ResetBits)
    i.GPIO_SetBits                           0x080008ea   Section        0  stm32f10x_gpio.o(i.GPIO_SetBits)
    i.HardFault_Handler                      0x080008ee   Section        0  stm32f10x_it.o(i.HardFault_Handler)
    i.IIC_Start                              0x080008f4   Section        0  oled_iic.o(i.IIC_Start)
    i.IIC_Stop                               0x08000924   Section        0  oled_iic.o(i.IIC_Stop)
    i.IIC_Wait_Ack                           0x0800094c   Section        0  oled_iic.o(i.IIC_Wait_Ack)
    i.MemManage_Handler                      0x08000968   Section        0  stm32f10x_it.o(i.MemManage_Handler)
    i.NMI_Handler                            0x0800096c   Section        0  stm32f10x_it.o(i.NMI_Handler)
    i.NVICConfig                             0x0800096e   Section        0  main.o(i.NVICConfig)
    i.NVIC_Init                              0x08000998   Section        0  misc.o(i.NVIC_Init)
    i.NVIC_PriorityGroupConfig               0x08000a08   Section        0  misc.o(i.NVIC_PriorityGroupConfig)
    i.OLED_Clear                             0x08000a1c   Section        0  oled_iic.o(i.OLED_Clear)
    i.OLED_Init                              0x08000a5c   Section        0  oled_iic.o(i.OLED_Init)
    i.OLED_Set_Pos                           0x08000b74   Section        0  oled_iic.o(i.OLED_Set_Pos)
    i.OLED_ShowCHinese                       0x08000b9c   Section        0  oled_iic.o(i.OLED_ShowCHinese)
    i.OLED_ShowChar                          0x08000c04   Section        0  oled_iic.o(i.OLED_ShowChar)
    i.OLED_ShowString                        0x08000ca8   Section        0  oled_iic.o(i.OLED_ShowString)
    i.OLED_WR_Byte                           0x08000ce2   Section        0  oled_iic.o(i.OLED_WR_Byte)
    i.PendSV_Handler                         0x08000cfa   Section        0  stm32f10x_it.o(i.PendSV_Handler)
    i.RCC_APB1PeriphClockCmd                 0x08000cfc   Section        0  stm32f10x_rcc.o(i.RCC_APB1PeriphClockCmd)
    i.RCC_APB1PeriphResetCmd                 0x08000d1c   Section        0  stm32f10x_rcc.o(i.RCC_APB1PeriphResetCmd)
    i.RCC_APB2PeriphClockCmd                 0x08000d3c   Section        0  stm32f10x_rcc.o(i.RCC_APB2PeriphClockCmd)
    i.RCC_APB2PeriphResetCmd                 0x08000d5c   Section        0  stm32f10x_rcc.o(i.RCC_APB2PeriphResetCmd)
    i.RCC_GetClocksFreq                      0x08000d7c   Section        0  stm32f10x_rcc.o(i.RCC_GetClocksFreq)
    i.RX1_CHULI                              0x08000e50   Section        0  main.o(i.RX1_CHULI)
    i.SVC_Handler                            0x08000f44   Section        0  stm32f10x_it.o(i.SVC_Handler)
    i.SendString                             0x08000f48   Section        0  main.o(i.SendString)
    i.SetSysClock                            0x08000f70   Section        0  system_stm32f10x.o(i.SetSysClock)
    SetSysClock                              0x08000f71   Thumb Code     8  system_stm32f10x.o(i.SetSysClock)
    i.SetSysClockToHSE                       0x08000f78   Section        0  system_stm32f10x.o(i.SetSysClockToHSE)
    SetSysClockToHSE                         0x08000f79   Thumb Code   160  system_stm32f10x.o(i.SetSysClockToHSE)
    i.SysTick_CLKSourceConfig                0x08001020   Section        0  misc.o(i.SysTick_CLKSourceConfig)
    i.SysTick_Handler                        0x08001048   Section        0  stm32f10x_it.o(i.SysTick_Handler)
    i.SystemInit                             0x0800104c   Section        0  system_stm32f10x.o(i.SystemInit)
    i.TIM3_IRQHandler                        0x080010ac   Section        0  main.o(i.TIM3_IRQHandler)
    i.TIM_ClearFlag                          0x08001164   Section        0  stm32f10x_tim.o(i.TIM_ClearFlag)
    i.TIM_ClearITPendingBit                  0x0800116a   Section        0  stm32f10x_tim.o(i.TIM_ClearITPendingBit)
    i.TIM_Cmd                                0x08001170   Section        0  stm32f10x_tim.o(i.TIM_Cmd)
    i.TIM_DeInit                             0x08001188   Section        0  stm32f10x_tim.o(i.TIM_DeInit)
    i.TIM_GetCounter                         0x08001370   Section        0  stm32f10x_tim.o(i.TIM_GetCounter)
    i.TIM_GetITStatus                        0x08001376   Section        0  stm32f10x_tim.o(i.TIM_GetITStatus)
    i.TIM_ITConfig                           0x08001398   Section        0  stm32f10x_tim.o(i.TIM_ITConfig)
    i.TIM_SetCounter                         0x080013aa   Section        0  stm32f10x_tim.o(i.TIM_SetCounter)
    i.TIM_TimeBaseInit                       0x080013b0   Section        0  stm32f10x_tim.o(i.TIM_TimeBaseInit)
    i.TimerConfig                            0x08001454   Section        0  main.o(i.TimerConfig)
    i.TimerSW                                0x0800149a   Section        0  main.o(i.TimerSW)
    i.USART1_IRQHandler                      0x080014b4   Section        0  main.o(i.USART1_IRQHandler)
    i.USART1_init                            0x080015a0   Section        0  main.o(i.USART1_init)
    i.USART_ClearFlag                        0x0800168c   Section        0  stm32f10x_usart.o(i.USART_ClearFlag)
    i.USART_ClearITPendingBit                0x0800169e   Section        0  stm32f10x_usart.o(i.USART_ClearITPendingBit)
    i.USART_Cmd                              0x080016bc   Section        0  stm32f10x_usart.o(i.USART_Cmd)
    i.USART_GetFlagStatus                    0x080016d4   Section        0  stm32f10x_usart.o(i.USART_GetFlagStatus)
    i.USART_GetITStatus                      0x080016ee   Section        0  stm32f10x_usart.o(i.USART_GetITStatus)
    i.USART_ITConfig                         0x08001742   Section        0  stm32f10x_usart.o(i.USART_ITConfig)
    i.USART_Init                             0x0800178c   Section        0  stm32f10x_usart.o(i.USART_Init)
    i.USART_ReceiveData                      0x08001864   Section        0  stm32f10x_usart.o(i.USART_ReceiveData)
    i.UltrasonicWave_CalculateTime           0x08001870   Section        0  ultrasonicwave.o(i.UltrasonicWave_CalculateTime)
    i.UltrasonicWave_Configuration           0x080018cc   Section        0  ultrasonicwave.o(i.UltrasonicWave_Configuration)
    i.UltrasonicWave_StartMeasure            0x08001914   Section        0  ultrasonicwave.o(i.UltrasonicWave_StartMeasure)
    i.Ultrasonic_TIM2_Configuration          0x08001978   Section        0  ultrasonicwave.o(i.Ultrasonic_TIM2_Configuration)
    i.UsageFault_Handler                     0x080019b8   Section        0  stm32f10x_it.o(i.UsageFault_Handler)
    i.Write_IIC_Byte                         0x080019bc   Section        0  oled_iic.o(i.Write_IIC_Byte)
    i.Write_IIC_Command                      0x08001a18   Section        0  oled_iic.o(i.Write_IIC_Command)
    i.Write_IIC_Data                         0x08001a44   Section        0  oled_iic.o(i.Write_IIC_Data)
    i.__scatterload_copy                     0x08001a70   Section       14  handlers.o(i.__scatterload_copy)
    i.__scatterload_null                     0x08001a7e   Section        2  handlers.o(i.__scatterload_null)
    i.__scatterload_zeroinit                 0x08001a80   Section       14  handlers.o(i.__scatterload_zeroinit)
    i.anjiansaomiao                          0x08001a90   Section        0  main.o(i.anjiansaomiao)
    i.chuli1                                 0x08001c0c   Section        0  main.o(i.chuli1)
    i.delay_init                             0x08001c44   Section        0  delay.o(i.delay_init)
    i.delay_ms                               0x08001c88   Section        0  delay.o(i.delay_ms)
    i.delay_us                               0x08001cd4   Section        0  delay.o(i.delay_us)
    i.find                                   0x08001d20   Section        0  main.o(i.find)
    i.main                                   0x08001dd8   Section        0  main.o(i.main)
    i.receive_data                           0x08001f30   Section        0  dht11.o(i.receive_data)
    i.shangchuanshuju                        0x08001fcc   Section        0  main.o(i.shangchuanshuju)
    i.xianshi                                0x08002234   Section        0  main.o(i.xianshi)
    .constdata                               0x080024f8   Section     2072  oled_iic.o(.constdata)
    .data                                    0x20000000   Section      128  main.o(.data)
    k1f                                      0x20000073   Data           1  main.o(.data)
    k2f                                      0x20000074   Data           1  main.o(.data)
    k3f                                      0x20000075   Data           1  main.o(.data)
    k4f                                      0x20000076   Data           1  main.o(.data)
    k5f                                      0x20000077   Data           1  main.o(.data)
    k6f                                      0x20000078   Data           1  main.o(.data)
    ct                                       0x20000079   Data           1  main.o(.data)
    ct1                                      0x2000007c   Data           4  main.o(.data)
    .data                                    0x20000080   Section       20  system_stm32f10x.o(.data)
    .data                                    0x20000094   Section      960  oled_iic.o(.data)
    .data                                    0x20000454   Section        8  dht11.o(.data)
    .data                                    0x2000045c   Section        2  ultrasonicwave.o(.data)
    .data                                    0x2000045e   Section        4  delay.o(.data)
    fac_us                                   0x2000045e   Data           1  delay.o(.data)
    fac_ms                                   0x20000460   Data           2  delay.o(.data)
    .data                                    0x20000462   Section       20  stm32f10x_rcc.o(.data)
    APBAHBPrescTable                         0x20000462   Data          16  stm32f10x_rcc.o(.data)
    ADCPrescTable                            0x20000472   Data           4  stm32f10x_rcc.o(.data)
    .bss                                     0x20000478   Section      232  main.o(.bss)
    STACK                                    0x20000560   Section     1024  startup_stm32f10x_hd.o(STACK)

    Global Symbols

    Symbol Name                              Value     Ov Type        Size  Object(Section)

    BuildAttributes$$THM_ISAv4$P$D$K$B$S$PE$A:L22UL41UL21$X:L11$S22US41US21$IEEE1$IW$USESV6$~STKCKD$USESV7$~SHL$OSPACE$ROPI$EBA8$MICROLIB$REQ8$PRES8$EABIv2 0x00000000   Number         0  anon$$obj.o ABSOLUTE
    __ARM_use_no_argv                        0x00000000   Number         0  main.o ABSOLUTE
    __use_no_errno                           0x00000000   Number         0  useno.o ABSOLUTE
    __use_no_exception_handling              0x00000000   Number         0  useno.o ABSOLUTE
    __use_no_fp                              0x00000000   Number         0  useno.o ABSOLUTE
    __use_no_heap                            0x00000000   Number         0  useno.o ABSOLUTE
    __use_no_heap_region                     0x00000000   Number         0  useno.o ABSOLUTE
    __use_no_semihosting                     0x00000000   Number         0  useno.o ABSOLUTE
    __use_no_semihosting_swi                 0x00000000   Number         0  useno.o ABSOLUTE
    __use_no_signal_handling                 0x00000000   Number         0  useno.o ABSOLUTE
    __cpp_initialize__aeabi_                  - Undefined Weak Reference
    __cxa_finalize                            - Undefined Weak Reference
    _clock_init                               - Undefined Weak Reference
    _microlib_exit                            - Undefined Weak Reference
    __Vectors_Size                           0x00000130   Number         0  startup_stm32f10x_hd.o ABSOLUTE
    __Vectors                                0x08000000   Data           4  startup_stm32f10x_hd.o(RESET)
    __Vectors_End                            0x08000130   Data           0  startup_stm32f10x_hd.o(RESET)
    __main                                   0x08000131   Thumb Code     0  entry.o(.ARM.Collect$$$$00000000)
    _main_stk                                0x08000131   Thumb Code     0  entry2.o(.ARM.Collect$$$$00000001)
    _main_scatterload                        0x08000135   Thumb Code     0  entry5.o(.ARM.Collect$$$$00000004)
    __main_after_scatterload                 0x08000139   Thumb Code     0  entry5.o(.ARM.Collect$$$$00000004)
    _main_clock                              0x08000139   Thumb Code     0  entry7b.o(.ARM.Collect$$$$00000008)
    _main_cpp_init                           0x08000139   Thumb Code     0  entry8b.o(.ARM.Collect$$$$0000000A)
    _main_init                               0x08000139   Thumb Code     0  entry9a.o(.ARM.Collect$$$$0000000B)
    __rt_final_cpp                           0x08000141   Thumb Code     0  entry10a.o(.ARM.Collect$$$$0000000D)
    __rt_final_exit                          0x08000141   Thumb Code     0  entry11a.o(.ARM.Collect$$$$0000000F)
    Reset_Handler                            0x08000145   Thumb Code     8  startup_stm32f10x_hd.o(.text)
    ADC1_2_IRQHandler                        0x0800015f   Thumb Code     0  startup_stm32f10x_hd.o(.text)
    ADC3_IRQHandler                          0x0800015f   Thumb Code     0  startup_stm32f10x_hd.o(.text)
    CAN1_RX1_IRQHandler                      0x0800015f   Thumb Code     0  startup_stm32f10x_hd.o(.text)
    CAN1_SCE_IRQHandler                      0x0800015f   Thumb Code     0  startup_stm32f10x_hd.o(.text)
    DMA1_Channel1_IRQHandler                 0x0800015f   Thumb Code     0  startup_stm32f10x_hd.o(.text)
    DMA1_Channel2_IRQHandler                 0x0800015f   Thumb Code     0  startup_stm32f10x_hd.o(.text)
    DMA1_Channel3_IRQHandler                 0x0800015f   Thumb Code     0  startup_stm32f10x_hd.o(.text)
    DMA1_Channel4_IRQHandler                 0x0800015f   Thumb Code     0  startup_stm32f10x_hd.o(.text)
    DMA1_Channel5_IRQHandler                 0x0800015f   Thumb Code     0  startup_stm32f10x_hd.o(.text)
    DMA1_Channel6_IRQHandler                 0x0800015f   Thumb Code     0  startup_stm32f10x_hd.o(.text)
    DMA1_Channel7_IRQHandler                 0x0800015f   Thumb Code     0  startup_stm32f10x_hd.o(.text)
    DMA2_Channel1_IRQHandler                 0x0800015f   Thumb Code     0  startup_stm32f10x_hd.o(.text)
    DMA2_Channel2_IRQHandler                 0x0800015f   Thumb Code     0  startup_stm32f10x_hd.o(.text)
    DMA2_Channel3_IRQHandler                 0x0800015f   Thumb Code     0  startup_stm32f10x_hd.o(.text)
    DMA2_Channel4_5_IRQHandler               0x0800015f   Thumb Code     0  startup_stm32f10x_hd.o(.text)
    EXTI0_IRQHandler                         0x0800015f   Thumb Code     0  startup_stm32f10x_hd.o(.text)
    EXTI15_10_IRQHandler                     0x0800015f   Thumb Code     0  startup_stm32f10x_hd.o(.text)
    EXTI1_IRQHandler                         0x0800015f   Thumb Code     0  startup_stm32f10x_hd.o(.text)
    EXTI2_IRQHandler                         0x0800015f   Thumb Code     0  startup_stm32f10x_hd.o(.text)
    EXTI3_IRQHandler                         0x0800015f   Thumb Code     0  startup_stm32f10x_hd.o(.text)
    EXTI4_IRQHandler                         0x0800015f   Thumb Code     0  startup_stm32f10x_hd.o(.text)
    EXTI9_5_IRQHandler                       0x0800015f   Thumb Code     0  startup_stm32f10x_hd.o(.text)
    FLASH_IRQHandler                         0x0800015f   Thumb Code     0  startup_stm32f10x_hd.o(.text)
    FSMC_IRQHandler                          0x0800015f   Thumb Code     0  startup_stm32f10x_hd.o(.text)
    I2C1_ER_IRQHandler                       0x0800015f   Thumb Code     0  startup_stm32f10x_hd.o(.text)
    I2C1_EV_IRQHandler                       0x0800015f   Thumb Code     0  startup_stm32f10x_hd.o(.text)
    I2C2_ER_IRQHandler                       0x0800015f   Thumb Code     0  startup_stm32f10x_hd.o(.text)
    I2C2_EV_IRQHandler                       0x0800015f   Thumb Code     0  startup_stm32f10x_hd.o(.text)
    PVD_IRQHandler                           0x0800015f   Thumb Code     0  startup_stm32f10x_hd.o(.text)
    RCC_IRQHandler                           0x0800015f   Thumb Code     0  startup_stm32f10x_hd.o(.text)
    RTCAlarm_IRQHandler                      0x0800015f   Thumb Code     0  startup_stm32f10x_hd.o(.text)
    RTC_IRQHandler                           0x0800015f   Thumb Code     0  startup_stm32f10x_hd.o(.text)
    SDIO_IRQHandler                          0x0800015f   Thumb Code     0  startup_stm32f10x_hd.o(.text)
    SPI1_IRQHandler                          0x0800015f   Thumb Code     0  startup_stm32f10x_hd.o(.text)
    SPI2_IRQHandler                          0x0800015f   Thumb Code     0  startup_stm32f10x_hd.o(.text)
    SPI3_IRQHandler                          0x0800015f   Thumb Code     0  startup_stm32f10x_hd.o(.text)
    TAMPER_IRQHandler                        0x0800015f   Thumb Code     0  startup_stm32f10x_hd.o(.text)
    TIM1_BRK_IRQHandler                      0x0800015f   Thumb Code     0  startup_stm32f10x_hd.o(.text)
    TIM1_CC_IRQHandler                       0x0800015f   Thumb Code     0  startup_stm32f10x_hd.o(.text)
    TIM1_TRG_COM_IRQHandler                  0x0800015f   Thumb Code     0  startup_stm32f10x_hd.o(.text)
    TIM1_UP_IRQHandler                       0x0800015f   Thumb Code     0  startup_stm32f10x_hd.o(.text)
    TIM2_IRQHandler                          0x0800015f   Thumb Code     0  startup_stm32f10x_hd.o(.text)
    TIM4_IRQHandler                          0x0800015f   Thumb Code     0  startup_stm32f10x_hd.o(.text)
    TIM5_IRQHandler                          0x0800015f   Thumb Code     0  startup_stm32f10x_hd.o(.text)
    TIM6_IRQHandler                          0x0800015f   Thumb Code     0  startup_stm32f10x_hd.o(.text)
    TIM7_IRQHandler                          0x0800015f   Thumb Code     0  startup_stm32f10x_hd.o(.text)
    TIM8_BRK_IRQHandler                      0x0800015f   Thumb Code     0  startup_stm32f10x_hd.o(.text)
    TIM8_CC_IRQHandler                       0x0800015f   Thumb Code     0  startup_stm32f10x_hd.o(.text)
    TIM8_TRG_COM_IRQHandler                  0x0800015f   Thumb Code     0  startup_stm32f10x_hd.o(.text)
    TIM8_UP_IRQHandler                       0x0800015f   Thumb Code     0  startup_stm32f10x_hd.o(.text)
    UART4_IRQHandler                         0x0800015f   Thumb Code     0  startup_stm32f10x_hd.o(.text)
    UART5_IRQHandler                         0x0800015f   Thumb Code     0  startup_stm32f10x_hd.o(.text)
    USART2_IRQHandler                        0x0800015f   Thumb Code     0  startup_stm32f10x_hd.o(.text)
    USART3_IRQHandler                        0x0800015f   Thumb Code     0  startup_stm32f10x_hd.o(.text)
    USBWakeUp_IRQHandler                     0x0800015f   Thumb Code     0  startup_stm32f10x_hd.o(.text)
    USB_HP_CAN1_TX_IRQHandler                0x0800015f   Thumb Code     0  startup_stm32f10x_hd.o(.text)
    USB_LP_CAN1_RX0_IRQHandler               0x0800015f   Thumb Code     0  startup_stm32f10x_hd.o(.text)
    WWDG_IRQHandler                          0x0800015f   Thumb Code     0  startup_stm32f10x_hd.o(.text)
    __aeabi_dmul                             0x08000169   Thumb Code   228  dmul.o(.text)
    __aeabi_ddiv                             0x0800024d   Thumb Code   222  ddiv.o(.text)
    __aeabi_i2d                              0x0800032b   Thumb Code    34  dflti.o(.text)
    __aeabi_ui2d                             0x0800034d   Thumb Code    26  dfltui.o(.text)
    __aeabi_d2iz                             0x08000367   Thumb Code    62  dfixi.o(.text)
    __aeabi_d2uiz                            0x080003a5   Thumb Code    50  dfixui.o(.text)
    __aeabi_llsr                             0x080003d7   Thumb Code    32  llushr.o(.text)
    _ll_ushift_r                             0x080003d7   Thumb Code     0  llushr.o(.text)
    __I$use$fp                               0x080003f7   Thumb Code     0  iusefp.o(.text)
    _double_round                            0x080003f7   Thumb Code    30  depilogue.o(.text)
    _double_epilogue                         0x08000415   Thumb Code   156  depilogue.o(.text)
    __scatterload                            0x080004b1   Thumb Code    28  init.o(.text)
    __scatterload_rt2                        0x080004b1   Thumb Code     0  init.o(.text)
    __aeabi_llsl                             0x080004d5   Thumb Code    30  llshl.o(.text)
    _ll_shift_l                              0x080004d5   Thumb Code     0  llshl.o(.text)
    __decompress                             0x080004f3   Thumb Code     0  __dczerorl2.o(.text)
    __decompress1                            0x080004f3   Thumb Code    86  __dczerorl2.o(.text)
    BusFault_Handler                         0x08000549   Thumb Code     4  stm32f10x_it.o(i.BusFault_Handler)
    DHT11Delay30us                           0x0800054d   Thumb Code    10  dht11.o(i.DHT11Delay30us)
    DHT11_Start                              0x08000559   Thumb Code   152  dht11.o(i.DHT11_Start)
    DHT11_receive                            0x080005f9   Thumb Code    96  dht11.o(i.DHT11_receive)
    DHT1DelayNms                             0x0800065d   Thumb Code    12  dht11.o(i.DHT1DelayNms)
    DHT1DelayNms10us                         0x08000669   Thumb Code    10  dht11.o(i.DHT1DelayNms10us)
    DebugMon_Handler                         0x08000673   Thumb Code     2  stm32f10x_it.o(i.DebugMon_Handler)
    DelayTime_us                             0x08000675   Thumb Code    12  ultrasonicwave.o(i.DelayTime_us)
    GPIOD_Init                               0x08000681   Thumb Code   158  main.o(i.GPIOD_Init)
    GPIO_Init                                0x0800072d   Thumb Code   278  stm32f10x_gpio.o(i.GPIO_Init)
    GPIO_PinRemapConfig                      0x08000845   Thumb Code   138  stm32f10x_gpio.o(i.GPIO_PinRemapConfig)
    GPIO_ReadInputDataBit                    0x080008d5   Thumb Code    18  stm32f10x_gpio.o(i.GPIO_ReadInputDataBit)
    GPIO_ResetBits                           0x080008e7   Thumb Code     4  stm32f10x_gpio.o(i.GPIO_ResetBits)
    GPIO_SetBits                             0x080008eb   Thumb Code     4  stm32f10x_gpio.o(i.GPIO_SetBits)
    HardFault_Handler                        0x080008ef   Thumb Code     4  stm32f10x_it.o(i.HardFault_Handler)
    IIC_Start                                0x080008f5   Thumb Code    44  oled_iic.o(i.IIC_Start)
    IIC_Stop                                 0x08000925   Thumb Code    34  oled_iic.o(i.IIC_Stop)
    IIC_Wait_Ack                             0x0800094d   Thumb Code    24  oled_iic.o(i.IIC_Wait_Ack)
    MemManage_Handler                        0x08000969   Thumb Code     4  stm32f10x_it.o(i.MemManage_Handler)
    NMI_Handler                              0x0800096d   Thumb Code     2  stm32f10x_it.o(i.NMI_Handler)
    NVICConfig                               0x0800096f   Thumb Code    40  main.o(i.NVICConfig)
    NVIC_Init                                0x08000999   Thumb Code   100  misc.o(i.NVIC_Init)
    NVIC_PriorityGroupConfig                 0x08000a09   Thumb Code    10  misc.o(i.NVIC_PriorityGroupConfig)
    OLED_Clear                               0x08000a1d   Thumb Code    62  oled_iic.o(i.OLED_Clear)
    OLED_Init                                0x08000a5d   Thumb Code   274  oled_iic.o(i.OLED_Init)
    OLED_Set_Pos                             0x08000b75   Thumb Code    40  oled_iic.o(i.OLED_Set_Pos)
    OLED_ShowCHinese                         0x08000b9d   Thumb Code    98  oled_iic.o(i.OLED_ShowCHinese)
    OLED_ShowChar                            0x08000c05   Thumb Code   154  oled_iic.o(i.OLED_ShowChar)
    OLED_ShowString                          0x08000ca9   Thumb Code    58  oled_iic.o(i.OLED_ShowString)
    OLED_WR_Byte                             0x08000ce3   Thumb Code    24  oled_iic.o(i.OLED_WR_Byte)
    PendSV_Handler                           0x08000cfb   Thumb Code     2  stm32f10x_it.o(i.PendSV_Handler)
    RCC_APB1PeriphClockCmd                   0x08000cfd   Thumb Code    26  stm32f10x_rcc.o(i.RCC_APB1PeriphClockCmd)
    RCC_APB1PeriphResetCmd                   0x08000d1d   Thumb Code    26  stm32f10x_rcc.o(i.RCC_APB1PeriphResetCmd)
    RCC_APB2PeriphClockCmd                   0x08000d3d   Thumb Code    26  stm32f10x_rcc.o(i.RCC_APB2PeriphClockCmd)
    RCC_APB2PeriphResetCmd                   0x08000d5d   Thumb Code    26  stm32f10x_rcc.o(i.RCC_APB2PeriphResetCmd)
    RCC_GetClocksFreq                        0x08000d7d   Thumb Code   192  stm32f10x_rcc.o(i.RCC_GetClocksFreq)
    RX1_CHULI                                0x08000e51   Thumb Code   208  main.o(i.RX1_CHULI)
    SVC_Handler                              0x08000f45   Thumb Code     2  stm32f10x_it.o(i.SVC_Handler)
    SendString                               0x08000f49   Thumb Code    34  main.o(i.SendString)
    SysTick_CLKSourceConfig                  0x08001021   Thumb Code    40  misc.o(i.SysTick_CLKSourceConfig)
    SysTick_Handler                          0x08001049   Thumb Code     2  stm32f10x_it.o(i.SysTick_Handler)
    SystemInit                               0x0800104d   Thumb Code    78  system_stm32f10x.o(i.SystemInit)
    TIM3_IRQHandler                          0x080010ad   Thumb Code   148  main.o(i.TIM3_IRQHandler)
    TIM_ClearFlag                            0x08001165   Thumb Code     6  stm32f10x_tim.o(i.TIM_ClearFlag)
    TIM_ClearITPendingBit                    0x0800116b   Thumb Code     6  stm32f10x_tim.o(i.TIM_ClearITPendingBit)
    TIM_Cmd                                  0x08001171   Thumb Code    24  stm32f10x_tim.o(i.TIM_Cmd)
    TIM_DeInit                               0x08001189   Thumb Code   424  stm32f10x_tim.o(i.TIM_DeInit)
    TIM_GetCounter                           0x08001371   Thumb Code     6  stm32f10x_tim.o(i.TIM_GetCounter)
    TIM_GetITStatus                          0x08001377   Thumb Code    34  stm32f10x_tim.o(i.TIM_GetITStatus)
    TIM_ITConfig                             0x08001399   Thumb Code    18  stm32f10x_tim.o(i.TIM_ITConfig)
    TIM_SetCounter                           0x080013ab   Thumb Code     4  stm32f10x_tim.o(i.TIM_SetCounter)
    TIM_TimeBaseInit                         0x080013b1   Thumb Code   122  stm32f10x_tim.o(i.TIM_TimeBaseInit)
    TimerConfig                              0x08001455   Thumb Code    70  main.o(i.TimerConfig)
    TimerSW                                  0x0800149b   Thumb Code    24  main.o(i.TimerSW)
    USART1_IRQHandler                        0x080014b5   Thumb Code   216  main.o(i.USART1_IRQHandler)
    USART1_init                              0x080015a1   Thumb Code   226  main.o(i.USART1_init)
    USART_ClearFlag                          0x0800168d   Thumb Code    18  stm32f10x_usart.o(i.USART_ClearFlag)
    USART_ClearITPendingBit                  0x0800169f   Thumb Code    30  stm32f10x_usart.o(i.USART_ClearITPendingBit)
    USART_Cmd                                0x080016bd   Thumb Code    24  stm32f10x_usart.o(i.USART_Cmd)
    USART_GetFlagStatus                      0x080016d5   Thumb Code    26  stm32f10x_usart.o(i.USART_GetFlagStatus)
    USART_GetITStatus                        0x080016ef   Thumb Code    84  stm32f10x_usart.o(i.USART_GetITStatus)
    USART_ITConfig                           0x08001743   Thumb Code    74  stm32f10x_usart.o(i.USART_ITConfig)
    USART_Init                               0x0800178d   Thumb Code   210  stm32f10x_usart.o(i.USART_Init)
    USART_ReceiveData                        0x08001865   Thumb Code    10  stm32f10x_usart.o(i.USART_ReceiveData)
    UltrasonicWave_CalculateTime             0x08001871   Thumb Code    76  ultrasonicwave.o(i.UltrasonicWave_CalculateTime)
    UltrasonicWave_Configuration             0x080018cd   Thumb Code    66  ultrasonicwave.o(i.UltrasonicWave_Configuration)
    UltrasonicWave_StartMeasure              0x08001915   Thumb Code    94  ultrasonicwave.o(i.UltrasonicWave_StartMeasure)
    Ultrasonic_TIM2_Configuration            0x08001979   Thumb Code    64  ultrasonicwave.o(i.Ultrasonic_TIM2_Configuration)
    UsageFault_Handler                       0x080019b9   Thumb Code     4  stm32f10x_it.o(i.UsageFault_Handler)
    Write_IIC_Byte                           0x080019bd   Thumb Code    88  oled_iic.o(i.Write_IIC_Byte)
    Write_IIC_Command                        0x08001a19   Thumb Code    44  oled_iic.o(i.Write_IIC_Command)
    Write_IIC_Data                           0x08001a45   Thumb Code    44  oled_iic.o(i.Write_IIC_Data)
    __scatterload_copy                       0x08001a71   Thumb Code    14  handlers.o(i.__scatterload_copy)
    __scatterload_null                       0x08001a7f   Thumb Code     2  handlers.o(i.__scatterload_null)
    __scatterload_zeroinit                   0x08001a81   Thumb Code    14  handlers.o(i.__scatterload_zeroinit)
    anjiansaomiao                            0x08001a91   Thumb Code   320  main.o(i.anjiansaomiao)
    chuli1                                   0x08001c0d   Thumb Code    44  main.o(i.chuli1)
    delay_init                               0x08001c45   Thumb Code    50  delay.o(i.delay_init)
    delay_ms                                 0x08001c89   Thumb Code    72  delay.o(i.delay_ms)
    delay_us                                 0x08001cd5   Thumb Code    72  delay.o(i.delay_us)
    find                                     0x08001d21   Thumb Code   184  main.o(i.find)
    main                                     0x08001dd9   Thumb Code   286  main.o(i.main)
    receive_data                             0x08001f31   Thumb Code   144  dht11.o(i.receive_data)
    shangchuanshuju                          0x08001fcd   Thumb Code   578  main.o(i.shangchuanshuju)
    xianshi                                  0x08002235   Thumb Code   700  main.o(i.xianshi)
    F6x8                                     0x080024f8   Data         552  oled_iic.o(.constdata)
    F8X16                                    0x08002720   Data        1520  oled_iic.o(.constdata)
    Region$$Table$$Base                      0x08002d10   Number         0  anon$$obj.o(Region$$Table)
    Region$$Table$$Limit                     0x08002d30   Number         0  anon$$obj.o(Region$$Table)
    wd                                       0x20000000   Data           4  main.o(.data)
    sd                                       0x20000004   Data           4  main.o(.data)
    kaiguan                                  0x20000008   Data           4  main.o(.data)
    fskg                                     0x2000000c   Data           4  main.o(.data)
    juli                                     0x20000010   Data           4  main.o(.data)
    dingshi                                  0x20000014   Data           4  main.o(.data)
    daojishi                                 0x20000018   Data           4  main.o(.data)
    wenkong                                  0x2000001c   Data           4  main.o(.data)
    wendusd                                  0x20000020   Data           4  main.o(.data)
    PWM                                      0x20000024   Data           4  main.o(.data)
    dangwei                                  0x20000028   Data           4  main.o(.data)
    msg                                      0x2000002c   Data           5  main.o(.data)
    ds                                       0x20000031   Data           6  main.o(.data)
    RX1_Num                                  0x20000038   Data           4  main.o(.data)
    RX1_JS                                   0x2000003c   Data           4  main.o(.data)
    RX1_KG                                   0x20000040   Data           4  main.o(.data)
    RX1_OK                                   0x20000044   Data           4  main.o(.data)
    MG4                                      0x20000048   Data          43  main.o(.data)
    SystemCoreClock                          0x20000080   Data           4  system_stm32f10x.o(.data)
    AHBPrescTable                            0x20000084   Data          16  system_stm32f10x.o(.data)
    Hzk                                      0x20000094   Data         960  oled_iic.o(.data)
    data_byte                                0x20000454   Data           1  dht11.o(.data)
    mm                                       0x20000458   Data           4  dht11.o(.data)
    UltrasonicWave_Distance                  0x2000045c   Data           2  ultrasonicwave.o(.data)
    RX1_BUFF                                 0x20000478   Data         200  main.o(.bss)
    rece_buf                                 0x20000540   Data          32  main.o(.bss)
    __initial_sp                             0x20000960   Data           0  startup_stm32f10x_hd.o(STACK)



==============================================================================

Memory Map of the image

  Image Entry point : 0x08000145

  Load Region LR_1 (Base: 0x08000000, Size: 0x000031a8, Max: 0xffffffff, ABSOLUTE, COMPRESSED[0x00002eec])

    Execution Region ER_RO (Exec base: 0x08000000, Load base: 0x08000000, Size: 0x00002d30, Max: 0xffffffff, ABSOLUTE)

    Exec Addr    Load Addr    Size         Type   Attr      Idx    E Section Name        Object

    0x08000000   0x08000000   0x00000130   Data   RO          782    RESET               startup_stm32f10x_hd.o
    0x08000130   0x08000130   0x00000000   Code   RO         2261  * .ARM.Collect$$$$00000000  mc_w.l(entry.o)
    0x08000130   0x08000130   0x00000004   Code   RO         2276    .ARM.Collect$$$$00000001  mc_w.l(entry2.o)
    0x08000134   0x08000134   0x00000004   Code   RO         2279    .ARM.Collect$$$$00000004  mc_w.l(entry5.o)
    0x08000138   0x08000138   0x00000000   Code   RO         2281    .ARM.Collect$$$$00000008  mc_w.l(entry7b.o)
    0x08000138   0x08000138   0x00000000   Code   RO         2283    .ARM.Collect$$$$0000000A  mc_w.l(entry8b.o)
    0x08000138   0x08000138   0x00000008   Code   RO         2284    .ARM.Collect$$$$0000000B  mc_w.l(entry9a.o)
    0x08000140   0x08000140   0x00000000   Code   RO         2286    .ARM.Collect$$$$0000000D  mc_w.l(entry10a.o)
    0x08000140   0x08000140   0x00000000   Code   RO         2288    .ARM.Collect$$$$0000000F  mc_w.l(entry11a.o)
    0x08000140   0x08000140   0x00000004   Code   RO         2277    .ARM.Collect$$$$00002712  mc_w.l(entry2.o)
    0x08000144   0x08000144   0x00000024   Code   RO          783  * .text               startup_stm32f10x_hd.o
    0x08000168   0x08000168   0x000000e4   Code   RO         2264    .text               mf_w.l(dmul.o)
    0x0800024c   0x0800024c   0x000000de   Code   RO         2266    .text               mf_w.l(ddiv.o)
    0x0800032a   0x0800032a   0x00000022   Code   RO         2268    .text               mf_w.l(dflti.o)
    0x0800034c   0x0800034c   0x0000001a   Code   RO         2270    .text               mf_w.l(dfltui.o)
    0x08000366   0x08000366   0x0000003e   Code   RO         2272    .text               mf_w.l(dfixi.o)
    0x080003a4   0x080003a4   0x00000032   Code   RO         2274    .text               mf_w.l(dfixui.o)
    0x080003d6   0x080003d6   0x00000020   Code   RO         2290    .text               mc_w.l(llushr.o)
    0x080003f6   0x080003f6   0x00000000   Code   RO         2292    .text               mc_w.l(iusefp.o)
    0x080003f6   0x080003f6   0x000000ba   Code   RO         2293    .text               mf_w.l(depilogue.o)
    0x080004b0   0x080004b0   0x00000024   Code   RO         2295    .text               mc_w.l(init.o)
    0x080004d4   0x080004d4   0x0000001e   Code   RO         2297    .text               mc_w.l(llshl.o)
    0x080004f2   0x080004f2   0x00000056   Code   RO         2307    .text               mc_w.l(__dczerorl2.o)
    0x08000548   0x08000548   0x00000004   Code   RO          236    i.BusFault_Handler  stm32f10x_it.o
    0x0800054c   0x0800054c   0x0000000a   Code   RO          599    i.DHT11Delay30us    dht11.o
    0x08000556   0x08000556   0x00000002   PAD
    0x08000558   0x08000558   0x000000a0   Code   RO          600    i.DHT11_Start       dht11.o
    0x080005f8   0x080005f8   0x00000064   Code   RO          601    i.DHT11_receive     dht11.o
    0x0800065c   0x0800065c   0x0000000c   Code   RO          602    i.DHT1DelayNms      dht11.o
    0x08000668   0x08000668   0x0000000a   Code   RO          603    i.DHT1DelayNms10us  dht11.o
    0x08000672   0x08000672   0x00000002   Code   RO          237    i.DebugMon_Handler  stm32f10x_it.o
    0x08000674   0x08000674   0x0000000c   Code   RO          644    i.DelayTime_us      ultrasonicwave.o
    0x08000680   0x08000680   0x000000ac   Code   RO            3    i.GPIOD_Init        main.o
    0x0800072c   0x0800072c   0x00000116   Code   RO          829    i.GPIO_Init         stm32f10x_gpio.o
    0x08000842   0x08000842   0x00000002   PAD
    0x08000844   0x08000844   0x00000090   Code   RO          831    i.GPIO_PinRemapConfig  stm32f10x_gpio.o
    0x080008d4   0x080008d4   0x00000012   Code   RO          833    i.GPIO_ReadInputDataBit  stm32f10x_gpio.o
    0x080008e6   0x080008e6   0x00000004   Code   RO          836    i.GPIO_ResetBits    stm32f10x_gpio.o
    0x080008ea   0x080008ea   0x00000004   Code   RO          837    i.GPIO_SetBits      stm32f10x_gpio.o
    0x080008ee   0x080008ee   0x00000004   Code   RO          238    i.HardFault_Handler  stm32f10x_it.o
    0x080008f2   0x080008f2   0x00000002   PAD
    0x080008f4   0x080008f4   0x00000030   Code   RO          418    i.IIC_Start         oled_iic.o
    0x08000924   0x08000924   0x00000028   Code   RO          419    i.IIC_Stop          oled_iic.o
    0x0800094c   0x0800094c   0x0000001c   Code   RO          420    i.IIC_Wait_Ack      oled_iic.o
    0x08000968   0x08000968   0x00000004   Code   RO          239    i.MemManage_Handler  stm32f10x_it.o
    0x0800096c   0x0800096c   0x00000002   Code   RO          240    i.NMI_Handler       stm32f10x_it.o
    0x0800096e   0x0800096e   0x00000028   Code   RO            4    i.NVICConfig        main.o
    0x08000996   0x08000996   0x00000002   PAD
    0x08000998   0x08000998   0x00000070   Code   RO          787    i.NVIC_Init         misc.o
    0x08000a08   0x08000a08   0x00000014   Code   RO          788    i.NVIC_PriorityGroupConfig  misc.o
    0x08000a1c   0x08000a1c   0x0000003e   Code   RO          421    i.OLED_Clear        oled_iic.o
    0x08000a5a   0x08000a5a   0x00000002   PAD
    0x08000a5c   0x08000a5c   0x00000118   Code   RO          425    i.OLED_Init         oled_iic.o
    0x08000b74   0x08000b74   0x00000028   Code   RO          427    i.OLED_Set_Pos      oled_iic.o
    0x08000b9c   0x08000b9c   0x00000068   Code   RO          428    i.OLED_ShowCHinese  oled_iic.o
    0x08000c04   0x08000c04   0x000000a4   Code   RO          429    i.OLED_ShowChar     oled_iic.o
    0x08000ca8   0x08000ca8   0x0000003a   Code   RO          431    i.OLED_ShowString   oled_iic.o
    0x08000ce2   0x08000ce2   0x00000018   Code   RO          432    i.OLED_WR_Byte      oled_iic.o
    0x08000cfa   0x08000cfa   0x00000002   Code   RO          241    i.PendSV_Handler    stm32f10x_it.o
    0x08000cfc   0x08000cfc   0x00000020   Code   RO          963    i.RCC_APB1PeriphClockCmd  stm32f10x_rcc.o
    0x08000d1c   0x08000d1c   0x00000020   Code   RO          964    i.RCC_APB1PeriphResetCmd  stm32f10x_rcc.o
    0x08000d3c   0x08000d3c   0x00000020   Code   RO          965    i.RCC_APB2PeriphClockCmd  stm32f10x_rcc.o
    0x08000d5c   0x08000d5c   0x00000020   Code   RO          966    i.RCC_APB2PeriphResetCmd  stm32f10x_rcc.o
    0x08000d7c   0x08000d7c   0x000000d4   Code   RO          973    i.RCC_GetClocksFreq  stm32f10x_rcc.o
    0x08000e50   0x08000e50   0x000000f4   Code   RO            5    i.RX1_CHULI         main.o
    0x08000f44   0x08000f44   0x00000002   Code   RO          242    i.SVC_Handler       stm32f10x_it.o
    0x08000f46   0x08000f46   0x00000002   PAD
    0x08000f48   0x08000f48   0x00000028   Code   RO            6    i.SendString        main.o
    0x08000f70   0x08000f70   0x00000008   Code   RO          382    i.SetSysClock       system_stm32f10x.o
    0x08000f78   0x08000f78   0x000000a8   Code   RO          383    i.SetSysClockToHSE  system_stm32f10x.o
    0x08001020   0x08001020   0x00000028   Code   RO          791    i.SysTick_CLKSourceConfig  misc.o
    0x08001048   0x08001048   0x00000002   Code   RO          243    i.SysTick_Handler   stm32f10x_it.o
    0x0800104a   0x0800104a   0x00000002   PAD
    0x0800104c   0x0800104c   0x00000060   Code   RO          385    i.SystemInit        system_stm32f10x.o
    0x080010ac   0x080010ac   0x000000b8   Code   RO            7    i.TIM3_IRQHandler   main.o
    0x08001164   0x08001164   0x00000006   Code   RO         1351    i.TIM_ClearFlag     stm32f10x_tim.o
    0x0800116a   0x0800116a   0x00000006   Code   RO         1352    i.TIM_ClearITPendingBit  stm32f10x_tim.o
    0x08001170   0x08001170   0x00000018   Code   RO         1357    i.TIM_Cmd           stm32f10x_tim.o
    0x08001188   0x08001188   0x000001e8   Code   RO         1362    i.TIM_DeInit        stm32f10x_tim.o
    0x08001370   0x08001370   0x00000006   Code   RO         1376    i.TIM_GetCounter    stm32f10x_tim.o
    0x08001376   0x08001376   0x00000022   Code   RO         1378    i.TIM_GetITStatus   stm32f10x_tim.o
    0x08001398   0x08001398   0x00000012   Code   RO         1382    i.TIM_ITConfig      stm32f10x_tim.o
    0x080013aa   0x080013aa   0x00000004   Code   RO         1422    i.TIM_SetCounter    stm32f10x_tim.o
    0x080013ae   0x080013ae   0x00000002   PAD
    0x080013b0   0x080013b0   0x000000a4   Code   RO         1428    i.TIM_TimeBaseInit  stm32f10x_tim.o
    0x08001454   0x08001454   0x00000046   Code   RO            8    i.TimerConfig       main.o
    0x0800149a   0x0800149a   0x00000018   Code   RO            9    i.TimerSW           main.o
    0x080014b2   0x080014b2   0x00000002   PAD
    0x080014b4   0x080014b4   0x000000ec   Code   RO           10    i.USART1_IRQHandler  main.o
    0x080015a0   0x080015a0   0x000000ec   Code   RO           11    i.USART1_init       main.o
    0x0800168c   0x0800168c   0x00000012   Code   RO         1161    i.USART_ClearFlag   stm32f10x_usart.o
    0x0800169e   0x0800169e   0x0000001e   Code   RO         1162    i.USART_ClearITPendingBit  stm32f10x_usart.o
    0x080016bc   0x080016bc   0x00000018   Code   RO         1165    i.USART_Cmd         stm32f10x_usart.o
    0x080016d4   0x080016d4   0x0000001a   Code   RO         1168    i.USART_GetFlagStatus  stm32f10x_usart.o
    0x080016ee   0x080016ee   0x00000054   Code   RO         1169    i.USART_GetITStatus  stm32f10x_usart.o
    0x08001742   0x08001742   0x0000004a   Code   RO         1171    i.USART_ITConfig    stm32f10x_usart.o
    0x0800178c   0x0800178c   0x000000d8   Code   RO         1172    i.USART_Init        stm32f10x_usart.o
    0x08001864   0x08001864   0x0000000a   Code   RO         1179    i.USART_ReceiveData  stm32f10x_usart.o
    0x0800186e   0x0800186e   0x00000002   PAD
    0x08001870   0x08001870   0x0000005c   Code   RO          645    i.UltrasonicWave_CalculateTime  ultrasonicwave.o
    0x080018cc   0x080018cc   0x00000048   Code   RO          646    i.UltrasonicWave_Configuration  ultrasonicwave.o
    0x08001914   0x08001914   0x00000064   Code   RO          647    i.UltrasonicWave_StartMeasure  ultrasonicwave.o
    0x08001978   0x08001978   0x00000040   Code   RO          648    i.Ultrasonic_TIM2_Configuration  ultrasonicwave.o
    0x080019b8   0x080019b8   0x00000004   Code   RO          244    i.UsageFault_Handler  stm32f10x_it.o
    0x080019bc   0x080019bc   0x0000005c   Code   RO          433    i.Write_IIC_Byte    oled_iic.o
    0x08001a18   0x08001a18   0x0000002c   Code   RO          434    i.Write_IIC_Command  oled_iic.o
    0x08001a44   0x08001a44   0x0000002c   Code   RO          435    i.Write_IIC_Data    oled_iic.o
    0x08001a70   0x08001a70   0x0000000e   Code   RO         2301    i.__scatterload_copy  mc_w.l(handlers.o)
    0x08001a7e   0x08001a7e   0x00000002   Code   RO         2302    i.__scatterload_null  mc_w.l(handlers.o)
    0x08001a80   0x08001a80   0x0000000e   Code   RO         2303    i.__scatterload_zeroinit  mc_w.l(handlers.o)
    0x08001a8e   0x08001a8e   0x00000002   PAD
    0x08001a90   0x08001a90   0x0000017c   Code   RO           13    i.anjiansaomiao     main.o
    0x08001c0c   0x08001c0c   0x00000038   Code   RO           14    i.chuli1            main.o
    0x08001c44   0x08001c44   0x00000044   Code   RO          686    i.delay_init        delay.o
    0x08001c88   0x08001c88   0x0000004c   Code   RO          687    i.delay_ms          delay.o
    0x08001cd4   0x08001cd4   0x0000004c   Code   RO          688    i.delay_us          delay.o
    0x08001d20   0x08001d20   0x000000b8   Code   RO           15    i.find              main.o
    0x08001dd8   0x08001dd8   0x00000158   Code   RO           17    i.main              main.o
    0x08001f30   0x08001f30   0x0000009c   Code   RO          604    i.receive_data      dht11.o
    0x08001fcc   0x08001fcc   0x00000268   Code   RO           18    i.shangchuanshuju   main.o
    0x08002234   0x08002234   0x000002c4   Code   RO           19    i.xianshi           main.o
    0x080024f8   0x080024f8   0x00000818   Data   RO          438    .constdata          oled_iic.o
    0x08002d10   0x08002d10   0x00000020   Data   RO         2299    Region$$Table       anon$$obj.o


    Execution Region ER_RW (Exec base: 0x20000000, Load base: 0x08002d30, Size: 0x00000478, Max: 0xffffffff, ABSOLUTE, COMPRESSED[0x000001bc])

    Exec Addr    Load Addr    Size         Type   Attr      Idx    E Section Name        Object

    0x20000000   COMPRESSED   0x00000080   Data   RW           21    .data               main.o
    0x20000080   COMPRESSED   0x00000014   Data   RW          386    .data               system_stm32f10x.o
    0x20000094   COMPRESSED   0x000003c0   Data   RW          439    .data               oled_iic.o
    0x20000454   COMPRESSED   0x00000008   Data   RW          605    .data               dht11.o
    0x2000045c   COMPRESSED   0x00000002   Data   RW          649    .data               ultrasonicwave.o
    0x2000045e   COMPRESSED   0x00000004   Data   RW          689    .data               delay.o
    0x20000462   COMPRESSED   0x00000014   Data   RW          993    .data               stm32f10x_rcc.o


    Execution Region ER_ZI (Exec base: 0x20000478, Load base: 0x08002eec, Size: 0x000004e8, Max: 0xffffffff, ABSOLUTE)

    Exec Addr    Load Addr    Size         Type   Attr      Idx    E Section Name        Object

    0x20000478        -       0x000000e8   Zero   RW           20    .bss                main.o
    0x20000560        -       0x00000400   Zero   RW          780    STACK               startup_stm32f10x_hd.o


==============================================================================

Image component sizes


      Code (inc. data)   RO Data    RW Data    ZI Data      Debug   Object Name

       220         26          0          4          0       1783   delay.o
       448         24          0          8          0       3795   dht11.o
      3534        298          0        128        232     253243   main.o
       172         22          0          0          0       2113   misc.o
      1028         40       2072        960          0     211809   oled_iic.o
        36          8        304          0       1024        812   startup_stm32f10x_hd.o
       448          6          0          0          0       4578   stm32f10x_gpio.o
        26          0          0          0          0      47406   stm32f10x_it.o
       340         44          0         20          0       5680   stm32f10x_rcc.o
       750        106          0          0          0       6085   stm32f10x_tim.o
       482          6          0          0          0       6948   stm32f10x_usart.o
         0          0          0          0          0         32   sys.o
       272         26          0         20          0       2133   system_stm32f10x.o
       340         28          0          2          0       3053   ultrasonicwave.o

    ----------------------------------------------------------------------
      8116        634       2408       1144       1256     549470   Object Totals
         0          0         32          0          0          0   (incl. Generated)
        20          0          0          2          0          0   (incl. Padding)

    ----------------------------------------------------------------------

      Code (inc. data)   RO Data    RW Data    ZI Data      Debug   Library Member Name

        86          0          0          0          0          0   __dczerorl2.o
         0          0          0          0          0          0   entry.o
         0          0          0          0          0          0   entry10a.o
         0          0          0          0          0          0   entry11a.o
         8          4          0          0          0          0   entry2.o
         4          0          0          0          0          0   entry5.o
         0          0          0          0          0          0   entry7b.o
         0          0          0          0          0          0   entry8b.o
         8          4          0          0          0          0   entry9a.o
        30          0          0          0          0          0   handlers.o
        36          8          0          0          0         68   init.o
         0          0          0          0          0          0   iusefp.o
        30          0          0          0          0         68   llshl.o
        32          0          0          0          0         68   llushr.o
       222          0          0          0          0        100   ddiv.o
       186          0          0          0          0        176   depilogue.o
        62          0          0          0          0         80   dfixi.o
        50          0          0          0          0         76   dfixui.o
        34          0          0          0          0         76   dflti.o
        26          0          0          0          0         76   dfltui.o
       228          0          0          0          0         96   dmul.o

    ----------------------------------------------------------------------
      1044         16          0          0          0        884   Library Totals
         2          0          0          0          0          0   (incl. Padding)

    ----------------------------------------------------------------------

      Code (inc. data)   RO Data    RW Data    ZI Data      Debug   Library Name

       234         16          0          0          0        204   mc_w.l
       808          0          0          0          0        680   mf_w.l

    ----------------------------------------------------------------------
      1044         16          0          0          0        884   Library Totals

    ----------------------------------------------------------------------

==============================================================================


      Code (inc. data)   RO Data    RW Data    ZI Data      Debug   

      9160        650       2408       1144       1256     545958   Grand Totals
      9160        650       2408        444       1256     545958   ELF Image Totals (compressed)
      9160        650       2408        444          0          0   ROM Totals

==============================================================================

    Total RO  Size (Code + RO Data)                11568 (  11.30kB)
    Total RW  Size (RW Data + ZI Data)              2400 (   2.34kB)
    Total ROM Size (Code + RO Data + RW Data)      12012 (  11.73kB)

==============================================================================

